=== repetition 1/10; exit 0; signal none ===
✔ cancellation terminates its worker and leaves the calculation key recoverable (243.1863ms)
ℹ tests 1
ℹ suites 0
ℹ pass 1
ℹ fail 0
ℹ cancelled 0
ℹ skipped 0
ℹ todo 0
ℹ duration_ms 333.3799

=== repetition 2/10; exit 0; signal none ===
✔ cancellation terminates its worker and leaves the calculation key recoverable (239.6843ms)
ℹ tests 1
ℹ suites 0
ℹ pass 1
ℹ fail 0
ℹ cancelled 0
ℹ skipped 0
ℹ todo 0
ℹ duration_ms 328.3473

=== repetition 3/10; exit 0; signal none ===
✔ cancellation terminates its worker and leaves the calculation key recoverable (237.9157ms)
ℹ tests 1
ℹ suites 0
ℹ pass 1
ℹ fail 0
ℹ cancelled 0
ℹ skipped 0
ℹ todo 0
ℹ duration_ms 330.8155

=== repetition 4/10; exit 0; signal none ===
✔ cancellation terminates its worker and leaves the calculation key recoverable (254.0638ms)
ℹ tests 1
ℹ suites 0
ℹ pass 1
ℹ fail 0
ℹ cancelled 0
ℹ skipped 0
ℹ todo 0
ℹ duration_ms 345.0533

=== repetition 5/10; exit 0; signal none ===
✔ cancellation terminates its worker and leaves the calculation key recoverable (244.0351ms)
ℹ tests 1
ℹ suites 0
ℹ pass 1
ℹ fail 0
ℹ cancelled 0
ℹ skipped 0
ℹ todo 0
ℹ duration_ms 336.7138

=== repetition 6/10; exit 0; signal none ===
✔ cancellation terminates its worker and leaves the calculation key recoverable (236.9416ms)
ℹ tests 1
ℹ suites 0
ℹ pass 1
ℹ fail 0
ℹ cancelled 0
ℹ skipped 0
ℹ todo 0
ℹ duration_ms 326.0159

=== repetition 7/10; exit 0; signal none ===
✔ cancellation terminates its worker and leaves the calculation key recoverable (246.28ms)
ℹ tests 1
ℹ suites 0
ℹ pass 1
ℹ fail 0
ℹ cancelled 0
ℹ skipped 0
ℹ todo 0
ℹ duration_ms 340.8988

=== repetition 8/10; exit 0; signal none ===
✔ cancellation terminates its worker and leaves the calculation key recoverable (243.6119ms)
ℹ tests 1
ℹ suites 0
ℹ pass 1
ℹ fail 0
ℹ cancelled 0
ℹ skipped 0
ℹ todo 0
ℹ duration_ms 334.6378

=== repetition 9/10; exit 0; signal none ===
✔ cancellation terminates its worker and leaves the calculation key recoverable (242.8036ms)
ℹ tests 1
ℹ suites 0
ℹ pass 1
ℹ fail 0
ℹ cancelled 0
ℹ skipped 0
ℹ todo 0
ℹ duration_ms 330.6448

=== repetition 10/10; exit 0; signal none ===
✔ cancellation terminates its worker and leaves the calculation key recoverable (236.1441ms)
ℹ tests 1
ℹ suites 0
ℹ pass 1
ℹ fail 0
ℹ cancelled 0
ℹ skipped 0
ℹ todo 0
ℹ duration_ms 326.4249

