{
  "status": "APPLIED_PENDING_VALIDATORS",
  "targetCounts": {
    "identity": 22,
    "metadata": 22,
    "index": 22,
    "catalog": 22,
    "db": 1
  },
  "nonTargetInvariant": {
    "dbExamRows": 497,
    "identityRows": 11908,
    "metadataRows": 11908,
    "indexRows": 11900,
    "catalogRows": 11900,
    "allPreservedByDeepComparison": true,
    "identityRuntimeTuplesPreserved": true
  },
  "catalog": {
    "records": 11922,
    "exams": 498,
    "identityDigest": "a4a21dc9484a74b7da86318b4f84bded959949563abd20d7f487e28420574f84",
    "indexVersion": "fc0d7a9e86cb91872c078af1f862d2baa0ec75acbb39ba0d4fcfc1642a2a32ff",
    "projectionVersion": "archive2-canonical-v1:368fa639bc9ad30a1fe73463de170891310cb82e30389d08fbee3120bf0c185c",
    "targetAutomaticCount": 0
  },
  "changedFiles": [
    "archive/db.js",
    "archive/data/question_identity_map.json",
    "archive/data/question_metadata.json",
    "archive/question-identity.js",
    "archive/question-index.js",
    "archive/question-index-report.md",
    "archive/question-index-audit.md",
    "archive/data/archive2-catalog.json",
    "archive/data/archive2-canonical-input-manifest.json"
  ]
}
