ORIGINAL_URL exam http://127.0.0.1:50798/archive/engine.html?data=exams%2Foriginal%2Fhigh%2Fh3%2F1mid%2F26_%ED%8C%94%EB%A7%88%EA%B3%A0_1%ED%95%99%EA%B8%B0_%EC%A4%91%EA%B0%84_%EA%B3%A03_%EB%AF%B8%EC%A0%81%EB%B6%842.js&mode=exam&title=2026+%ED%8C%94%EB%A7%88%EA%B3%A0+%EA%B3%A03+1%ED%95%99%EA%B8%B0+%EC%A4%91%EA%B0%84%EA%B3%A0%EC%82%AC&subject=%EB%AF%B8%EC%A0%81%EB%B6%84&q=22&qpp=4&submitQr=0&solQr=0&portalQr=1&preRegistered=1&assignmentRegistered=1&v=20261006-interaction-audit-2 openedMs 386
ORIGINAL_RENDER exam {"ready":{"ok":true,"mode":"exam","pages":6,"transactionId":"render-1791529612962-1","sessionId":"session-1791529612962-2"},"pages":6} totalMs 2360
ORIGINAL_URL sol http://127.0.0.1:50798/archive/engine.html?data=exams%2Foriginal%2Fhigh%2Fh3%2F1mid%2F26_%ED%8C%94%EB%A7%88%EA%B3%A0_1%ED%95%99%EA%B8%B0_%EC%A4%91%EA%B0%84_%EA%B3%A03_%EB%AF%B8%EC%A0%81%EB%B6%842.js&mode=sol&title=2026+%ED%8C%94%EB%A7%88%EA%B3%A0+%EA%B3%A03+1%ED%95%99%EA%B8%B0+%EC%A4%91%EA%B0%84%EA%B3%A0%EC%82%AC&subject=%EB%AF%B8%EC%A0%81%EB%B6%84&q=22&qpp=4&submitQr=0&solQr=0&portalQr=1&preRegistered=1&assignmentRegistered=1&v=20261006-interaction-audit-2 openedMs 315
ORIGINAL_RENDER sol {"ready":{"ok":true,"mode":"sol","pages":7,"transactionId":"render-1791529615268-1","sessionId":"session-1791529615268-2"},"pages":7} totalMs 8669
SOLUTION_METRICS {"renderer":"batch","mode":"sol","questions":22,"startedAt":261,"renderReadyMs":8243.6,"mathJaxCalls":2,"mathJaxTotalMs":7149.7,"calls":[{"label":"solution-staging","elapsedMs":4357.3},{"label":"solution-decision-batch","elapsedMs":2792.4}],"phases":{"solution-layout":8157.8},"pages":7,"transactionId":"render-1791529615268-1","requestGeneration":1,"sessionId":"session-1791529615268-2","foreground":true,"rafCount":43,"layoutBarrierCount":43,"fontWaitMs":0.20000001788139343,"unrenderedMath":0,"finishedAt":8504.800000011921,"visibleReadyMs":8351}
ORIGINAL_URL ans http://127.0.0.1:50798/archive/engine.html?data=exams%2Foriginal%2Fhigh%2Fh3%2F1mid%2F26_%ED%8C%94%EB%A7%88%EA%B3%A0_1%ED%95%99%EA%B8%B0_%EC%A4%91%EA%B0%84_%EA%B3%A03_%EB%AF%B8%EC%A0%81%EB%B6%842.js&mode=ans&title=2026+%ED%8C%94%EB%A7%88%EA%B3%A0+%EA%B3%A03+1%ED%95%99%EA%B8%B0+%EC%A4%91%EA%B0%84%EA%B3%A0%EC%82%AC&subject=%EB%AF%B8%EC%A0%81%EB%B6%84&q=22&qpp=4&submitQr=0&solQr=0&portalQr=1&preRegistered=1&assignmentRegistered=1&v=20261006-interaction-audit-2 openedMs 311
ORIGINAL_RENDER ans {"ready":{"ok":true,"mode":"ans","pages":1,"transactionId":"render-1791529623945-1","sessionId":"session-1791529623945-2"},"pages":1} totalMs 601
QUOTA_SAVED_OUTPUT exam {"ready":{"contractVersion":"archive2-output-envelope-v1","outputRequestId":"fb89aab8-ef82-4449-801e-aa8fcfc6d56f","payloadHash":"284cbdc212fb098220c0c23d4e4b064348acce66101161b53db5fd970b81a389","pageCount":6}}
QUOTA_SAVED_OUTPUT ans {"ready":{"contractVersion":"archive2-output-envelope-v1","outputRequestId":"d40fbecd-6fd5-4464-8912-2c5e86cb86e4","payloadHash":"c287426663fc1739e3c79e3b5aee0ae11ecd86c0cce511a8ff4f2ad4eb1215e5","pageCount":1}}
COMPOSE scope-all 128.80000001192093
COMPOSE scope-clear 121.2000000178814
COMPOSE all selection 118.7999999821186
UNIT_INITIAL 문항 인덱스를 불러오는 중입니다.
UNIT_GRADE 30.80000001192093
UNIT_CARDS 고1
단원을 선택하세요
공통수학1
1,193문항
01
다항식의 연산
91문항
2개 문제지
02
항등식과 나머지 정리
123문항
3개 문제지
03
인수분해
51문항
1개 문제지
04
복소수와 이차방정식
131문항
3개 문제지
05
이차방정식과 이차함수
277문항
6개 문제지
06
여러 가지 방정식과 부등식
207문항
5개 문제지
07
합의 법칙과 곱의 법칙
69문항
2개 문제지
08
순열과 조합
172문항
4개 문제지
09
행렬과 그 연산
72문항
2개 문제지
공통수학2
477문항
01
평면좌표
63문항
2개 문제지
02
직선의 방정식
55문항
2개 문제지
03
원의 방정식
73문항
2개 문제지
04
도형의 이동
35문항
1개 문제지
05
집합
152문항
4개 문제지
06
명제
41문항
1개 문제지
07
함수
27문항
1개 문제지
08
유리함수
14문항
1개 문제지
09
무리함수
17문항
1개 문
QUOTA_UNIT_PREVIEW {"ready":{"contractVersion":"archive2-output-envelope-v1","outputRequestId":"0e5e6296-2d47-4d14-acdb-ddaccf4f7df7","payloadHash":"a7cd80dac91d5873f3cf3145a275c6016696efe8f74c14fb38797dbb7f9319c7","pageCount":14}}
