=== iteration 1 ===
✔ crashed stage output is invisible to cache and same-key recovery recomputes a complete receipt (41.2217ms)
ℹ tests 1
ℹ suites 0
ℹ pass 1
ℹ fail 0
ℹ cancelled 0
ℹ skipped 0
ℹ todo 0
ℹ duration_ms 136.4729
=== iteration 2 ===
✔ crashed stage output is invisible to cache and same-key recovery recomputes a complete receipt (42.3693ms)
ℹ tests 1
ℹ suites 0
ℹ pass 1
ℹ fail 0
ℹ cancelled 0
ℹ skipped 0
ℹ todo 0
ℹ duration_ms 139.0393
=== iteration 3 ===
✔ crashed stage output is invisible to cache and same-key recovery recomputes a complete receipt (45.5642ms)
ℹ tests 1
ℹ suites 0
ℹ pass 1
ℹ fail 0
ℹ cancelled 0
ℹ skipped 0
ℹ todo 0
ℹ duration_ms 143.6311
=== iteration 4 ===
✔ crashed stage output is invisible to cache and same-key recovery recomputes a complete receipt (44.4075ms)
ℹ tests 1
ℹ suites 0
ℹ pass 1
ℹ fail 0
ℹ cancelled 0
ℹ skipped 0
ℹ todo 0
ℹ duration_ms 148.0762
=== iteration 5 ===
✔ crashed stage output is invisible to cache and same-key recovery recomputes a complete receipt (46.9111ms)
ℹ tests 1
ℹ suites 0
ℹ pass 1
ℹ fail 0
ℹ cancelled 0
ℹ skipped 0
ℹ todo 0
ℹ duration_ms 145.2875
=== iteration 6 ===
✔ crashed stage output is invisible to cache and same-key recovery recomputes a complete receipt (39.2537ms)
ℹ tests 1
ℹ suites 0
ℹ pass 1
ℹ fail 0
ℹ cancelled 0
ℹ skipped 0
ℹ todo 0
ℹ duration_ms 136.2456
=== iteration 7 ===
✔ crashed stage output is invisible to cache and same-key recovery recomputes a complete receipt (40.7079ms)
ℹ tests 1
ℹ suites 0
ℹ pass 1
ℹ fail 0
ℹ cancelled 0
ℹ skipped 0
ℹ todo 0
ℹ duration_ms 135.5478
=== iteration 8 ===
✔ crashed stage output is invisible to cache and same-key recovery recomputes a complete receipt (39.4948ms)
ℹ tests 1
ℹ suites 0
ℹ pass 1
ℹ fail 0
ℹ cancelled 0
ℹ skipped 0
ℹ todo 0
ℹ duration_ms 131.641
=== iteration 9 ===
✔ crashed stage output is invisible to cache and same-key recovery recomputes a complete receipt (44.0524ms)
ℹ tests 1
ℹ suites 0
ℹ pass 1
ℹ fail 0
ℹ cancelled 0
ℹ skipped 0
ℹ todo 0
ℹ duration_ms 138.0616
=== iteration 10 ===
✔ crashed stage output is invisible to cache and same-key recovery recomputes a complete receipt (40.4498ms)
ℹ tests 1
ℹ suites 0
ℹ pass 1
ℹ fail 0
ℹ cancelled 0
ℹ skipped 0
ℹ todo 0
ℹ duration_ms 133.534
