✔ logic: preflight remains provisional and independently selects the smallest passing profile (109.1741ms)
✔ logic: full-only success does not qualify medium or silently change to full (84.6552ms)
✔ logic: all profile floors below threshold remain unsupported (77.0954ms)
✔ logic: final candidate inventory and graph/topology/stroke gates fail closed (79.0314ms)
✔ logic: graph and topology worker records bind the same candidate SVG and display scale (160.7384ms)
✔ logic: stroke measurements bind the final candidate and profile (85.6577ms)
✔ logic: provisional evidence rejects synthetic or non-Playwright Archive measurements (0.671ms)
✔ logic: archive-engine policy hash and candidate SVG intrinsic/viewBox match the plan (113.8296ms)
✔ logic: the measured solution-meta content box is bound as the CSS scaling denominator (61.8918ms)
✔ logic: final support rereads and verifies the actual Archive preflight refs (117.076ms)
✔ logic: every expected label requires a finite final viewport CSS font metric (274.7963ms)
✔ logic: candidate SHA, source, solution and policy identity mutations cannot support a profile (428.8095ms)
✔ logic: synthetic and wrong-runtime final audits cannot pass even with good numeric metrics (155.4004ms)
✔ logic: raw measurement and screenshot refs are mandatory, unique, hash-bound PNG evidence (287.3956ms)
✔ logic: final actual Archive comparison reads bound runtime, lineage and raw capture assets (116.0336ms)
✔ logic: actual loaded image rect, container width, size class and computed policy match selected profile (108.938ms)
✔ SOLUTION: source-only freeze physically precedes disclosure; legacy and tampered decisions rejected (14.5841ms)
✔ CONDITIONS: source-only freeze physically precedes disclosure; legacy and tampered decisions rejected (11.2157ms)
✔ replay reuses only current review authority and requires a valid fresh replacement (59.7029ms)
✔ no comparison call after blind failure, leak, absent image or non-durable freeze (3.4152ms)
✔ verification key changes for source, answer, solution or verifier/provider closure (12.9331ms)
✔ actual UID CLI and direct phase2 cannot manufacture ACTIVE authority from locator (246.9921ms)
✔ canonical/current authority resolves opaque UID without filename search and rejects retired/stale mappings (14.4767ms)
✔ Cindy refuses unsafe integer/rational and a manufactured double delta-zero PASS (0.7346ms)
✔ Node authority normalizes 1/1.0, -0, NFC; Python binds identical raw blob (132.2672ms)
✔ unsafe numbers and executable/untyped exact scalars rejected (0.6529ms)
✔ raw SHA, object SHA, legacy SHA retain distinct meanings (5.5603ms)
✔ canonical UID maps stable role to asset independent of revision (0.5434ms)
✔ immutable commit, corruption, partial staging, concurrent writer fail closed (50.8419ms)
✔ separate processes cannot publish competing bytes for one immutable stage key (120.5148ms)
✔ temporary workspace required and traversal rejected (0.3793ms)
✔ each real UID attempt binds a unique temporary run and exam workspace (0.4806ms)
✔ temporary workspace junction into another root rejected (3.3879ms)
✔ calculation cache reuses bytes with new provenance, never review authority (30.3742ms)
✔ crashed stage output is invisible to cache and same-key recovery recomputes a complete receipt (44.7258ms)
✔ scope fingerprint includes observer code, excludes unrelated docs (5.8039ms)
✔ timeout terminates worker; next request uses a fresh subprocess (230.0976ms)
✔ production build worker rejects approximate fallback when browser measurements are absent (161.9456ms)
✔ concurrent async runs keep generated output in their own Archive temp workspaces (53.6872ms)
✔ one controller rejects fourth repair and repeated input/action/output (0.5394ms)
✔ repair ledger hydration carries the same three-attempt budget across replay (0.3567ms)
✔ frozen plan -> Node/Python -> Cindy -> immutable result; warm math and fresh audit (855.5246ms)
✔ polynomial runner uses a separately launched observer and never marks source review PASS (926.4864ms)
✔ unknown plan fields, source mismatch, wrong capability and production mode rejected (85.0126ms)
✔ UID authority mapping and actual source resolve, solution text is not verified (16.4709ms)
✔ real UID locator leaves immutable INPUT_REQUIRED rather than fabricated authority (30.9195ms)
✔ Archive asset matching decodes Korean URL paths before comparing canonical paths (0.7004ms)
ℹ tests 47
ℹ suites 0
ℹ pass 47
ℹ fail 0
ℹ cancelled 0
ℹ skipped 0
ℹ todo 0
ℹ duration_ms 2371.7618
