✔ logic: preflight remains provisional and independently selects the smallest passing profile (109.6282ms)
✔ logic: full-only success does not qualify medium or silently change to full (80.4151ms)
✔ logic: all profile floors below threshold remain unsupported (79.2475ms)
✔ logic: final candidate inventory and graph/topology/stroke gates fail closed (78.7589ms)
✔ logic: graph and topology worker records bind the same candidate SVG and display scale (151.1199ms)
✔ logic: stroke measurements bind the final candidate and profile (69.0041ms)
✔ logic: provisional evidence rejects synthetic or non-Playwright Archive measurements (0.5437ms)
✔ logic: archive-engine policy hash and candidate SVG intrinsic/viewBox match the plan (110.5256ms)
✔ logic: the measured solution-meta content box is bound as the CSS scaling denominator (58.2772ms)
✔ logic: final support rereads and verifies the actual Archive preflight refs (111.6563ms)
✔ logic: every expected label requires a finite final viewport CSS font metric (275.9995ms)
✔ logic: candidate SHA, source, solution and policy identity mutations cannot support a profile (406.664ms)
✔ logic: synthetic and wrong-runtime final audits cannot pass even with good numeric metrics (148.8705ms)
✔ logic: raw measurement and screenshot refs are mandatory, unique, hash-bound PNG evidence (286.6101ms)
✔ logic: final actual Archive comparison reads bound runtime, lineage and raw capture assets (123.7608ms)
✔ logic: actual loaded image rect, container width, size class and computed policy match selected profile (115.0052ms)
✔ SOLUTION: source-only freeze physically precedes disclosure; legacy and tampered decisions rejected (13.0479ms)
✔ CONDITIONS: source-only freeze physically precedes disclosure; legacy and tampered decisions rejected (10.0097ms)
✔ replay reuses only current review authority and requires a valid fresh replacement (57.5592ms)
✔ no comparison call after blind failure, leak, absent image or non-durable freeze (3.6393ms)
✔ verification key changes for source, answer, solution or verifier/provider closure (12.3621ms)
✔ actual UID CLI and direct phase2 cannot manufacture ACTIVE authority from locator (248.8994ms)
✔ canonical/current authority resolves opaque UID without filename search and rejects retired/stale mappings (12.9315ms)
✔ Cindy refuses unsafe integer/rational and a manufactured double delta-zero PASS (0.6305ms)
✔ Node authority normalizes 1/1.0, -0, NFC; Python binds identical raw blob (119.3957ms)
✔ unsafe numbers and executable/untyped exact scalars rejected (0.6622ms)
✔ raw SHA, object SHA, legacy SHA retain distinct meanings (5.4207ms)
✔ canonical UID maps stable role to asset independent of revision (0.5293ms)
✔ immutable commit, corruption, partial staging, concurrent writer fail closed (51.8293ms)
✔ separate processes cannot publish competing bytes for one immutable stage key (126.2691ms)
✔ temporary workspace required and traversal rejected (0.3095ms)
✔ each real UID attempt binds a unique temporary run and exam workspace (0.2794ms)
✔ temporary workspace junction into another root rejected (3.156ms)
✔ calculation cache reuses bytes with new provenance, never review authority (29.8421ms)
✔ scope fingerprint includes observer code, excludes unrelated docs (5.4693ms)
✔ timeout terminates worker; next request uses a fresh subprocess (223.2408ms)
✔ production build worker rejects approximate fallback when browser measurements are absent (156.5885ms)
✔ concurrent async runs keep generated output in their own Archive temp workspaces (47.2831ms)
✔ one controller rejects fourth repair and repeated input/action/output (0.5892ms)
✔ repair ledger hydration carries the same three-attempt budget across replay (0.3393ms)
✔ frozen plan -> Node/Python -> Cindy -> immutable result; warm math and fresh audit (811.1823ms)
✔ polynomial runner uses a separately launched observer and never marks source review PASS (880.4295ms)
✔ unknown plan fields, source mismatch, wrong capability and production mode rejected (78.4884ms)
✔ UID authority mapping and actual source resolve, solution text is not verified (10.1012ms)
✔ real UID locator leaves immutable INPUT_REQUIRED rather than fabricated authority (29.4385ms)
✔ Archive asset matching decodes Korean URL paths before comparing canonical paths (0.7773ms)
ℹ tests 46
ℹ suites 0
ℹ pass 46
ℹ fail 0
ℹ cancelled 0
ℹ skipped 0
ℹ todo 0
ℹ duration_ms 2312.6554
