✔ logic: preflight remains provisional and independently selects the smallest passing profile (93.793ms)
✔ logic: full-only success does not qualify medium or silently change to full (84.9659ms)
✔ logic: all profile floors below threshold remain unsupported (81.3593ms)
✔ logic: final candidate inventory and graph/topology/stroke gates fail closed (77.5325ms)
✔ logic: graph and topology worker records bind the same candidate SVG and display scale (166.3268ms)
✔ logic: stroke measurements bind the final candidate and profile (76.6914ms)
✔ logic: provisional evidence rejects synthetic or non-Playwright Archive measurements (0.4901ms)
✔ logic: archive-engine policy hash and candidate SVG intrinsic/viewBox match the plan (118.3323ms)
✔ logic: the measured solution-meta content box is bound as the CSS scaling denominator (63.0328ms)
✔ logic: final support rereads and verifies the actual Archive preflight refs (128.2818ms)
✔ logic: every expected label requires a finite final viewport CSS font metric (280.2793ms)
✔ logic: candidate SHA, source, solution and policy identity mutations cannot support a profile (411.0672ms)
✔ logic: synthetic and wrong-runtime final audits cannot pass even with good numeric metrics (142.8018ms)
✔ logic: raw measurement and screenshot refs are mandatory, unique, hash-bound PNG evidence (318.7102ms)
✔ logic: final actual Archive comparison reads bound runtime, lineage and raw capture assets (124.4213ms)
✔ logic: actual loaded image rect, container width, size class and computed policy match selected profile (119.9225ms)
✔ SOLUTION: source-only freeze physically precedes disclosure; legacy and tampered decisions rejected (12.3592ms)
✔ CONDITIONS: source-only freeze physically precedes disclosure; legacy and tampered decisions rejected (10.2408ms)
✔ replay reuses only current review authority and requires a valid fresh replacement (62.6268ms)
✔ no comparison call after blind failure, leak, absent image or non-durable freeze (3.411ms)
✔ verification key changes for source, answer, solution or verifier/provider closure (12.7101ms)
✔ actual UID CLI and direct phase2 cannot manufacture ACTIVE authority from locator (253.8834ms)
✔ canonical/current authority resolves opaque UID without filename search and rejects retired/stale mappings (18.1316ms)
✔ Cindy refuses unsafe integer/rational and a manufactured double delta-zero PASS (0.6944ms)
✔ Node authority normalizes 1/1.0, -0, NFC; Python binds identical raw blob (120.8919ms)
✔ unsafe numbers and executable/untyped exact scalars rejected (0.6917ms)
✔ raw SHA, object SHA, legacy SHA retain distinct meanings (5.7433ms)
✔ canonical UID maps stable role to asset independent of revision (0.6129ms)
✔ immutable commit, corruption, partial staging, concurrent writer fail closed (54.2021ms)
✔ separate processes cannot publish competing bytes for one immutable stage key (127.7665ms)
✔ temporary workspace required and traversal rejected (0.3541ms)
✔ each real UID attempt binds a unique temporary run and exam workspace (0.2968ms)
✔ temporary workspace junction into another root rejected (3.829ms)
✔ calculation cache reuses bytes with new provenance, never review authority (28.4065ms)
✔ scope fingerprint includes observer code, excludes unrelated docs (6.1593ms)
✔ timeout terminates worker; next request uses a fresh subprocess (234.497ms)
✔ production build worker rejects approximate fallback when browser measurements are absent (169.2892ms)
✔ concurrent async runs keep generated output in their own Archive temp workspaces (52.3385ms)
✔ one controller rejects fourth repair and repeated input/action/output (0.5183ms)
✔ repair ledger hydration carries the same three-attempt budget across replay (0.348ms)
✔ frozen plan -> Node/Python -> Cindy -> immutable result; warm math and fresh audit (883.8179ms)
✔ polynomial runner uses a separately launched observer and never marks source review PASS (882.7224ms)
✔ unknown plan fields, source mismatch, wrong capability and production mode rejected (88.43ms)
✔ UID authority mapping and actual source resolve, solution text is not verified (15.8953ms)
✔ real UID locator leaves immutable INPUT_REQUIRED rather than fabricated authority (43.9577ms)
✔ Archive asset matching decodes Korean URL paths before comparing canonical paths (0.6653ms)
ℹ tests 46
ℹ suites 0
ℹ pass 46
ℹ fail 0
ℹ cancelled 0
ℹ skipped 0
ℹ todo 0
ℹ duration_ms 2398.9628
