{
  "status": "APPLIED_PENDING_VALIDATORS",
  "targetCounts": {
    "identity": 27,
    "metadata": 27,
    "index": 27,
    "catalog": 27,
    "db": 1
  },
  "nonTargetInvariant": {
    "dbExamRows": 498,
    "identityRows": 11930,
    "metadataRows": 11930,
    "indexRows": 11922,
    "catalogRows": 11922,
    "allPreservedByDeepComparison": true,
    "identityRuntimeTuplesPreserved": true
  },
  "catalog": {
    "records": 11949,
    "exams": 499,
    "identityDigest": "1a8dad6f8d2b73442288d770efb38168ec1a8980703f4d7e707f8a75a22efc58",
    "indexVersion": "0ab12e4df726ec4240f0bb56a6ed67acdfd29fdf63d282f7738bc31689bbb1ae",
    "projectionVersion": "archive2-canonical-v1:3b20d0f8fcec7996cb4a2da9ece603d3a041223b722219fbd4986c783f5c5b5c",
    "targetAutomaticCount": 0
  },
  "changedFiles": [
    "archive/db.js",
    "archive/data/question_identity_map.json",
    "archive/data/question_metadata.json",
    "archive/question-identity.js",
    "archive/question-index.js",
    "archive/question-index-report.md",
    "archive/question-index-audit.md",
    "archive/data/archive2-catalog.json",
    "archive/data/archive2-canonical-input-manifest.json"
  ]
}
