{
  "status": "PLAN_VALIDATED_NOT_APPLIED",
  "targetCounts": {
    "identity": 27,
    "metadata": 27,
    "index": 27,
    "catalog": 27,
    "db": 1
  },
  "nonTargetInvariant": {
    "dbExamRows": 498,
    "identityRows": 11930,
    "metadataRows": 11930,
    "indexRows": 11922,
    "catalogRows": 11922,
    "allPreservedByDeepComparison": true,
    "identityRuntimeTuplesPreserved": true
  },
  "catalog": {
    "records": 11949,
    "exams": 499,
    "identityDigest": "1a8dad6f8d2b73442288d770efb38168ec1a8980703f4d7e707f8a75a22efc58",
    "indexVersion": "71a76465822be3548ae7882165492dc0dbdc88290acdf6c60ce805f4a995425a",
    "projectionVersion": "archive2-canonical-v1:8b8b9f950acf9bfceb71f6b664a09aba90cd3e9944764cbb93c84d9ec81fcd4e",
    "targetAutomaticCount": 0
  },
  "changedFiles": [
    "archive/db.js",
    "archive/data/question_identity_map.json",
    "archive/data/question_metadata.json",
    "archive/question-identity.js",
    "archive/question-index.js",
    "archive/question-index-report.md",
    "archive/question-index-audit.md",
    "archive/data/archive2-catalog.json",
    "archive/data/archive2-canonical-input-manifest.json"
  ]
}
