✔ SOLUTION: source-only freeze physically precedes disclosure; legacy and tampered decisions rejected (11.7221ms)
✔ CONDITIONS: source-only freeze physically precedes disclosure; legacy and tampered decisions rejected (9.9394ms)
✔ replay reuses only current review authority and requires a valid fresh replacement (53.5631ms)
✔ no comparison call after blind failure, leak, absent image or non-durable freeze (3.5532ms)
✔ verification key changes for source, answer, solution or verifier/provider closure (11.7956ms)
✔ actual UID CLI and direct phase2 cannot manufacture ACTIVE authority from locator (222.9083ms)
✔ canonical/current authority resolves opaque UID without filename search and rejects retired/stale mappings (12.9221ms)
✔ Cindy refuses unsafe integer/rational and a manufactured double delta-zero PASS (0.6175ms)
✔ Node authority normalizes 1/1.0, -0, NFC; Python binds identical raw blob (111.1419ms)
✔ unsafe numbers and executable/untyped exact scalars rejected (0.7622ms)
✔ raw SHA, object SHA, legacy SHA retain distinct meanings (5.4419ms)
✔ canonical UID maps stable role to asset independent of revision (0.488ms)
✔ immutable commit, corruption, partial staging, concurrent writer fail closed (47.8836ms)
✔ separate processes cannot publish competing bytes for one immutable stage key (117.3703ms)
✔ temporary workspace required and traversal rejected (0.2846ms)
✔ each real UID attempt binds a unique temporary run and exam workspace (0.2928ms)
✔ temporary workspace junction into another root rejected (3.0038ms)
✔ calculation cache reuses bytes with new provenance, never review authority (26.6301ms)
✔ scope fingerprint includes observer code, excludes unrelated docs (5.4637ms)
✔ timeout terminates worker; next request uses a fresh subprocess (215.0433ms)
✔ concurrent async runs keep generated output in their own Archive temp workspaces (43.3128ms)
✔ one controller rejects fourth repair and repeated input/action/output (0.7105ms)
✔ repair ledger hydration carries the same three-attempt budget across replay (0.421ms)
✔ frozen plan -> Node/Python -> Cindy -> immutable result; warm math and fresh audit (752.223ms)
✔ polynomial runner uses a separately launched observer and never marks source review PASS (868.0589ms)
✔ unknown plan fields, source mismatch, wrong capability and production mode rejected (79.7592ms)
✔ UID authority mapping and actual source resolve, solution text is not verified (10.6294ms)
✔ real UID locator leaves immutable INPUT_REQUIRED rather than fabricated authority (30.6704ms)
ℹ tests 28
ℹ suites 0
ℹ pass 28
ℹ fail 0
ℹ cancelled 0
ℹ skipped 0
ℹ todo 0
ℹ duration_ms 1938.6236
