=== iteration 1 ===
✔ replay reuses only current review authority and requires a valid fresh replacement (57.2967ms)
ℹ tests 1
ℹ suites 0
ℹ pass 1
ℹ fail 0
ℹ cancelled 0
ℹ skipped 0
ℹ todo 0
ℹ duration_ms 237.4371
=== iteration 2 ===
✔ replay reuses only current review authority and requires a valid fresh replacement (60.5824ms)
ℹ tests 1
ℹ suites 0
ℹ pass 1
ℹ fail 0
ℹ cancelled 0
ℹ skipped 0
ℹ todo 0
ℹ duration_ms 228.7931
=== iteration 3 ===
✔ replay reuses only current review authority and requires a valid fresh replacement (56.4804ms)
ℹ tests 1
ℹ suites 0
ℹ pass 1
ℹ fail 0
ℹ cancelled 0
ℹ skipped 0
ℹ todo 0
ℹ duration_ms 221.0525
=== iteration 4 ===
✔ replay reuses only current review authority and requires a valid fresh replacement (55.5697ms)
ℹ tests 1
ℹ suites 0
ℹ pass 1
ℹ fail 0
ℹ cancelled 0
ℹ skipped 0
ℹ todo 0
ℹ duration_ms 218.4814
=== iteration 5 ===
✔ replay reuses only current review authority and requires a valid fresh replacement (54.4093ms)
ℹ tests 1
ℹ suites 0
ℹ pass 1
ℹ fail 0
ℹ cancelled 0
ℹ skipped 0
ℹ todo 0
ℹ duration_ms 215.8959
=== iteration 6 ===
✔ replay reuses only current review authority and requires a valid fresh replacement (55.2849ms)
ℹ tests 1
ℹ suites 0
ℹ pass 1
ℹ fail 0
ℹ cancelled 0
ℹ skipped 0
ℹ todo 0
ℹ duration_ms 215.8976
=== iteration 7 ===
✔ replay reuses only current review authority and requires a valid fresh replacement (57.9869ms)
ℹ tests 1
ℹ suites 0
ℹ pass 1
ℹ fail 0
ℹ cancelled 0
ℹ skipped 0
ℹ todo 0
ℹ duration_ms 222.784
=== iteration 8 ===
✔ replay reuses only current review authority and requires a valid fresh replacement (50.9499ms)
ℹ tests 1
ℹ suites 0
ℹ pass 1
ℹ fail 0
ℹ cancelled 0
ℹ skipped 0
ℹ todo 0
ℹ duration_ms 206.3315
=== iteration 9 ===
✔ replay reuses only current review authority and requires a valid fresh replacement (52.5028ms)
ℹ tests 1
ℹ suites 0
ℹ pass 1
ℹ fail 0
ℹ cancelled 0
ℹ skipped 0
ℹ todo 0
ℹ duration_ms 212.4612
=== iteration 10 ===
✔ replay reuses only current review authority and requires a valid fresh replacement (50.9923ms)
ℹ tests 1
ℹ suites 0
ℹ pass 1
ℹ fail 0
ℹ cancelled 0
ℹ skipped 0
ℹ todo 0
ℹ duration_ms 207.7812
