✔ logic: preflight remains provisional and independently selects the smallest passing profile (97.2534ms)
✔ logic: full-only success does not qualify medium or silently change to full (86.2365ms)
✔ logic: all profile floors below threshold remain unsupported (80.5842ms)
✔ logic: final candidate inventory and graph/topology/stroke gates fail closed (76.126ms)
✔ logic: graph and topology worker records bind the same candidate SVG and display scale (178.1095ms)
✔ logic: stroke measurements bind the final candidate and profile (75.3512ms)
✔ logic: provisional evidence rejects synthetic or non-Playwright Archive measurements (0.5287ms)
✔ logic: archive-engine policy hash and candidate SVG intrinsic/viewBox match the plan (111.685ms)
✔ logic: the measured solution-meta content box is bound as the CSS scaling denominator (61.1418ms)
✔ logic: final support rereads and verifies the actual Archive preflight refs (116.3049ms)
✔ logic: every expected label requires a finite final viewport CSS font metric (283.1536ms)
✔ logic: candidate SHA, source, solution and policy identity mutations cannot support a profile (414.4613ms)
✔ logic: synthetic and wrong-runtime final audits cannot pass even with good numeric metrics (151.3521ms)
✔ logic: raw measurement and screenshot refs are mandatory, unique, hash-bound PNG evidence (299.3314ms)
✔ logic: final actual Archive comparison reads bound runtime, lineage and raw capture assets (126.2597ms)
✔ logic: actual loaded image rect, container width, size class and computed policy match selected profile (117.0979ms)
✔ SOLUTION: source-only freeze physically precedes disclosure; legacy and tampered decisions rejected (13.1367ms)
✔ CONDITIONS: source-only freeze physically precedes disclosure; legacy and tampered decisions rejected (11.9479ms)
✔ replay reuses only current review authority and requires a valid fresh replacement (63.1924ms)
✔ changed proposed visual plan invalidates the source-condition replay binding (20.5215ms)
✔ observer and provider closure mutations invalidate source-condition replay authority (68.9592ms)
✔ no comparison call after blind failure, leak, absent image or non-durable freeze (3.2832ms)
✔ verification key changes for source, answer, solution or verifier/provider closure (10.3605ms)
✔ actual UID CLI and direct phase2 cannot manufacture ACTIVE authority from locator (256.7602ms)
✔ canonical/current authority resolves opaque UID without filename search and rejects retired/stale mappings (14.9641ms)
✔ Cindy refuses unsafe integer/rational and a manufactured double delta-zero PASS (0.8344ms)
✔ Node authority normalizes 1/1.0, -0, NFC; Python binds identical raw blob (126.7733ms)
✔ unsafe numbers and executable/untyped exact scalars rejected (0.6553ms)
✔ raw SHA, object SHA, legacy SHA retain distinct meanings (5.51ms)
✔ canonical UID maps stable role to asset independent of revision (0.6526ms)
✔ immutable commit, corruption, partial staging, concurrent writer fail closed (53.52ms)
✔ separate processes cannot publish competing bytes for one immutable stage key (128.9297ms)
✔ temporary workspace required and traversal rejected (0.3197ms)
✔ each real UID attempt binds a unique temporary run and exam workspace (0.3202ms)
✔ temporary workspace junction into another root rejected (3.6409ms)
✔ calculation cache reuses bytes with new provenance, never review authority (28.7688ms)
✔ crashed stage output is invisible to cache and same-key recovery recomputes a complete receipt (48.4723ms)
✔ scope fingerprint includes observer code, excludes unrelated docs (8.3415ms)
✔ timeout terminates worker; next request uses a fresh subprocess (228.5091ms)
✔ production build worker rejects approximate fallback when browser measurements are absent (156.304ms)
✔ concurrent async runs keep generated output in their own Archive temp workspaces (41.0417ms)
✔ one controller rejects fourth repair and repeated input/action/output (0.5105ms)
✔ repair ledger hydration carries the same three-attempt budget across replay (0.3321ms)
✔ frozen plan -> Node/Python -> Cindy -> immutable result; warm math and fresh audit (866.5809ms)
✔ polynomial runner uses a separately launched observer and never marks source review PASS (904.5445ms)
✔ unknown plan fields, source mismatch, wrong capability and production mode rejected (81.8541ms)
✔ UID authority mapping and actual source resolve, solution text is not verified (11.2766ms)
✔ real UID locator leaves immutable INPUT_REQUIRED rather than fabricated authority (31.0136ms)
✔ Archive asset matching decodes Korean URL paths before comparing canonical paths (1.0168ms)
ℹ tests 49
ℹ suites 0
ℹ pass 49
ℹ fail 0
ℹ cancelled 0
ℹ skipped 0
ℹ todo 0
ℹ duration_ms 2386.4533
