$ node --test archive/tools/geometry-equation/tests/p1-boundaries.test.mjs archive/tools/geometry-equation/tests/production-runner.test.mjs archive/tools/geometry-equation/tests/production-contract.test.mjs archive/tools/geometry-equation/tests/worker-error-recovery.test.mjs archive/tools/geometry-equation/tests/display-envelope.test.mjs archive/tools/geometry-equation/tests/record-visual-browser-evidence.test.mjs
exit=0 signal=none
✔ requested profile font composition targets the measured CSS floor and refuses unsafe scale (1.9482ms)
✔ logic: preflight remains provisional and independently selects the smallest passing profile (100.3792ms)
✔ logic: full-only success does not qualify medium or silently change to full (84.3639ms)
✔ logic: all profile floors below threshold remain unsupported (81.4874ms)
✔ logic: final candidate inventory and graph/topology/stroke gates fail closed (76.3628ms)
✔ logic: graph and topology worker records bind the same candidate SVG and display scale (163.2928ms)
✔ logic: stroke measurements bind the final candidate and profile (75.3737ms)
✔ logic: provisional evidence rejects synthetic or non-Playwright Archive measurements (0.3335ms)
✔ logic: archive-engine policy hash and candidate SVG intrinsic/viewBox match the plan (109.7597ms)
✔ logic: the measured solution-meta content box is bound as the CSS scaling denominator (57.568ms)
✔ logic: final support rereads and verifies the actual Archive preflight refs (117.1883ms)
✔ logic: every expected label requires a finite final viewport CSS font metric (284.8873ms)
✔ logic: candidate SHA, source, solution and policy identity mutations cannot support a profile (431.7006ms)
✔ logic: synthetic and wrong-runtime final audits cannot pass even with good numeric metrics (138.4671ms)
✔ logic: raw measurement and screenshot refs are mandatory, unique, hash-bound PNG evidence (290.8571ms)
✔ logic: final actual Archive comparison reads bound runtime, lineage and raw capture assets (119.4472ms)
✔ logic: actual loaded image rect, container width, size class and computed policy match selected profile (112.8292ms)
✔ SOLUTION: source-only freeze physically precedes disclosure; legacy and tampered decisions rejected (13.3972ms)
✔ CONDITIONS: source-only freeze physically precedes disclosure; legacy and tampered decisions rejected (10.9948ms)
✔ replay reuses only current review authority and requires a valid fresh replacement (59.5537ms)
✔ changed proposed visual plan invalidates the source-condition replay binding (20.6032ms)
✔ observer and provider closure mutations invalidate source-condition replay authority (67.961ms)
✔ no comparison call after blind failure, leak, absent image or non-durable freeze (3.3944ms)
✔ verification key changes for source, answer, solution or verifier/provider closure (12.3278ms)
✔ actual UID CLI and direct phase2 cannot manufacture ACTIVE authority from locator (242.8028ms)
✔ canonical/current authority resolves opaque UID without filename search and rejects retired/stale mappings (14.5687ms)
✔ Cindy refuses unsafe integer/rational and a manufactured double delta-zero PASS (0.8983ms)
✔ Node authority normalizes 1/1.0, -0, NFC; Python binds identical raw blob (123.3722ms)
✔ unsafe numbers and executable/untyped exact scalars rejected (0.8425ms)
✔ raw SHA, object SHA, legacy SHA retain distinct meanings (5.5845ms)
✔ canonical UID maps stable role to asset independent of revision (0.5586ms)
✔ immutable commit, corruption, partial staging, concurrent writer fail closed (54.5181ms)
✔ separate processes cannot publish competing bytes for one immutable stage key (124.0723ms)
✔ temporary workspace required and traversal rejected (0.3719ms)
✔ each real UID attempt binds a unique temporary run and exam workspace (0.3292ms)
✔ temporary workspace junction into another root rejected (3.2445ms)
✔ calculation cache reuses bytes with new provenance, never review authority (28.9911ms)
✔ crashed stage output is invisible to cache and same-key recovery recomputes a complete receipt (45.4792ms)
✔ scope fingerprint includes observer code, excludes unrelated docs (6.3041ms)
✔ timeout terminates worker; next request uses a fresh subprocess (216.8075ms)
✔ timed out calculation stage stays uncached until same-key recovery commits complete bytes (260.3923ms)
✔ production build worker rejects approximate fallback when browser measurements are absent (160.4152ms)
✔ concurrent async runs keep generated output in their own Archive temp workspaces (45.861ms)
✔ one controller rejects fourth repair and repeated input/action/output (0.5196ms)
✔ repair ledger hydration carries the same three-attempt budget across replay (0.3235ms)
✔ frozen plan -> Node/Python -> Cindy -> immutable result; warm math and fresh audit (848.625ms)
✔ polynomial runner uses a separately launched observer and never marks source review PASS (904.854ms)
✔ unknown plan fields, source mismatch, wrong capability and production mode rejected (79.5088ms)
✔ UID authority mapping and actual source resolve, solution text is not verified (10.124ms)
✔ real UID locator leaves immutable INPUT_REQUIRED rather than fabricated authority (29.7937ms)
✔ Archive asset matching decodes Korean URL paths before comparing canonical paths (0.7971ms)
✔ worker output-limit and nonzero-exit stages stay uncached until same-key recovery (491.2696ms)
ℹ tests 52
ℹ suites 0
ℹ pass 52
ℹ fail 0
ℹ cancelled 0
ℹ skipped 0
ℹ todo 0
ℹ duration_ms 2361.3269
