=== repetition 1/10; exit 0; signal none ===
✔ worker output-limit and nonzero-exit stages stay uncached until same-key recovery (429.1ms)
ℹ tests 1
ℹ suites 0
ℹ pass 1
ℹ fail 0
ℹ cancelled 0
ℹ skipped 0
ℹ todo 0
ℹ duration_ms 519.0555

=== repetition 2/10; exit 0; signal none ===
✔ worker output-limit and nonzero-exit stages stay uncached until same-key recovery (437.3173ms)
ℹ tests 1
ℹ suites 0
ℹ pass 1
ℹ fail 0
ℹ cancelled 0
ℹ skipped 0
ℹ todo 0
ℹ duration_ms 564.1889

=== repetition 3/10; exit 0; signal none ===
✔ worker output-limit and nonzero-exit stages stay uncached until same-key recovery (419.6387ms)
ℹ tests 1
ℹ suites 0
ℹ pass 1
ℹ fail 0
ℹ cancelled 0
ℹ skipped 0
ℹ todo 0
ℹ duration_ms 511.0683

=== repetition 4/10; exit 0; signal none ===
✔ worker output-limit and nonzero-exit stages stay uncached until same-key recovery (412.6801ms)
ℹ tests 1
ℹ suites 0
ℹ pass 1
ℹ fail 0
ℹ cancelled 0
ℹ skipped 0
ℹ todo 0
ℹ duration_ms 504.3293

=== repetition 5/10; exit 0; signal none ===
✔ worker output-limit and nonzero-exit stages stay uncached until same-key recovery (412.4196ms)
ℹ tests 1
ℹ suites 0
ℹ pass 1
ℹ fail 0
ℹ cancelled 0
ℹ skipped 0
ℹ todo 0
ℹ duration_ms 505.1082

=== repetition 6/10; exit 0; signal none ===
✔ worker output-limit and nonzero-exit stages stay uncached until same-key recovery (413.2011ms)
ℹ tests 1
ℹ suites 0
ℹ pass 1
ℹ fail 0
ℹ cancelled 0
ℹ skipped 0
ℹ todo 0
ℹ duration_ms 503.1271

=== repetition 7/10; exit 0; signal none ===
✔ worker output-limit and nonzero-exit stages stay uncached until same-key recovery (409.9312ms)
ℹ tests 1
ℹ suites 0
ℹ pass 1
ℹ fail 0
ℹ cancelled 0
ℹ skipped 0
ℹ todo 0
ℹ duration_ms 504.7108

=== repetition 8/10; exit 0; signal none ===
✔ worker output-limit and nonzero-exit stages stay uncached until same-key recovery (411.6021ms)
ℹ tests 1
ℹ suites 0
ℹ pass 1
ℹ fail 0
ℹ cancelled 0
ℹ skipped 0
ℹ todo 0
ℹ duration_ms 503.0538

=== repetition 9/10; exit 0; signal none ===
✔ worker output-limit and nonzero-exit stages stay uncached until same-key recovery (409.5659ms)
ℹ tests 1
ℹ suites 0
ℹ pass 1
ℹ fail 0
ℹ cancelled 0
ℹ skipped 0
ℹ todo 0
ℹ duration_ms 502.9451

=== repetition 10/10; exit 0; signal none ===
✔ worker output-limit and nonzero-exit stages stay uncached until same-key recovery (412.1449ms)
ℹ tests 1
ℹ suites 0
ℹ pass 1
ℹ fail 0
ℹ cancelled 0
ℹ skipped 0
ℹ todo 0
ℹ duration_ms 503.351

