$ node --test archive/tools/geometry-equation/tests/p1-boundaries.test.mjs archive/tools/geometry-equation/tests/production-runner.test.mjs archive/tools/geometry-equation/tests/production-contract.test.mjs archive/tools/geometry-equation/tests/worker-error-recovery.test.mjs archive/tools/geometry-equation/tests/worker-cancel-recovery.test.mjs archive/tools/geometry-equation/tests/repair-budget-replay.test.mjs archive/tools/geometry-equation/tests/display-envelope.test.mjs archive/tools/geometry-equation/tests/record-visual-browser-evidence.test.mjs
exit=0
✔ requested profile font composition targets the measured CSS floor and refuses unsafe scale (1.2949ms)
✔ logic: preflight remains provisional and independently selects the smallest passing profile (119.4395ms)
✔ logic: full-only success does not qualify medium or silently change to full (89.4053ms)
✔ logic: all profile floors below threshold remain unsupported (88.9488ms)
✔ logic: final candidate inventory and graph/topology/stroke gates fail closed (88.2814ms)
✔ logic: graph and topology worker records bind the same candidate SVG and display scale (171.6074ms)
✔ logic: stroke measurements bind the final candidate and profile (76.088ms)
✔ logic: provisional evidence rejects synthetic or non-Playwright Archive measurements (0.3018ms)
✔ logic: archive-engine policy hash and candidate SVG intrinsic/viewBox match the plan (109.8297ms)
✔ logic: the measured solution-meta content box is bound as the CSS scaling denominator (61.0144ms)
✔ logic: final support rereads and verifies the actual Archive preflight refs (120.7036ms)
✔ logic: every expected label requires a finite final viewport CSS font metric (290.8348ms)
✔ logic: candidate SHA, source, solution and policy identity mutations cannot support a profile (416.448ms)
✔ logic: synthetic and wrong-runtime final audits cannot pass even with good numeric metrics (137.1078ms)
✔ logic: raw measurement and screenshot refs are mandatory, unique, hash-bound PNG evidence (292.8204ms)
✔ logic: final actual Archive comparison reads bound runtime, lineage and raw capture assets (118.3094ms)
✔ logic: actual loaded image rect, container width, size class and computed policy match selected profile (111.0529ms)
✔ SOLUTION: source-only freeze physically precedes disclosure; legacy and tampered decisions rejected (15.1782ms)
✔ CONDITIONS: source-only freeze physically precedes disclosure; legacy and tampered decisions rejected (11.5679ms)
✔ replay reuses only current review authority and requires a valid fresh replacement (62.8292ms)
✔ changed proposed visual plan invalidates the source-condition replay binding (22.5795ms)
✔ observer and provider closure mutations invalidate source-condition replay authority (76.0039ms)
✔ no comparison call after blind failure, leak, absent image or non-durable freeze (3.9902ms)
✔ verification key changes for source, answer, solution or verifier/provider closure (13.1056ms)
✔ actual UID CLI and direct phase2 cannot manufacture ACTIVE authority from locator (265.2433ms)
✔ canonical/current authority resolves opaque UID without filename search and rejects retired/stale mappings (21.9245ms)
✔ Cindy refuses unsafe integer/rational and a manufactured double delta-zero PASS (0.8277ms)
✔ Node authority normalizes 1/1.0, -0, NFC; Python binds identical raw blob (136.5575ms)
✔ unsafe numbers and executable/untyped exact scalars rejected (0.7001ms)
✔ raw SHA, object SHA, legacy SHA retain distinct meanings (5.9163ms)
✔ canonical UID maps stable role to asset independent of revision (0.6201ms)
✔ immutable commit, corruption, partial staging, concurrent writer fail closed (59.3076ms)
✔ separate processes cannot publish competing bytes for one immutable stage key (141.9658ms)
✔ temporary workspace required and traversal rejected (0.3783ms)
✔ each real UID attempt binds a unique temporary run and exam workspace (0.3547ms)
✔ temporary workspace junction into another root rejected (4.0719ms)
✔ calculation cache reuses bytes with new provenance, never review authority (35.3478ms)
✔ crashed stage output is invisible to cache and same-key recovery recomputes a complete receipt (47.3095ms)
✔ scope fingerprint includes observer code, excludes unrelated docs (5.8592ms)
✔ timeout terminates worker; next request uses a fresh subprocess (222.6366ms)
✔ timed out calculation stage stays uncached until same-key recovery commits complete bytes (263.8665ms)
✔ production build worker rejects approximate fallback when browser measurements are absent (161.1759ms)
✔ concurrent async runs keep generated output in their own Archive temp workspaces (53.24ms)
✔ one controller rejects fourth repair and repeated input/action/output (0.5506ms)
✔ repair ledger hydration carries the same three-attempt budget across replay (0.3267ms)
✔ frozen plan -> Node/Python -> Cindy -> immutable result; warm math and fresh audit (882.7368ms)
✔ polynomial runner uses a separately launched observer and never marks source review PASS (887.5756ms)
✔ unknown plan fields, source mismatch, wrong capability and production mode rejected (81.5643ms)
✔ UID authority mapping and actual source resolve, solution text is not verified (10.0221ms)
✔ real UID locator leaves immutable INPUT_REQUIRED rather than fabricated authority (31.449ms)
✔ Archive asset matching decodes Korean URL paths before comparing canonical paths (0.9834ms)
✔ an exact completed repair is replayed without spending another shared-budget entry (3.4615ms)
✔ an interrupted exact repair completes its existing entry and changed inputs spend a distinct entry (0.7001ms)
✔ cancellation terminates its worker and leaves the calculation key recoverable (311.1051ms)
✔ worker output-limit and nonzero-exit stages stay uncached until same-key recovery (529.74ms)
ℹ tests 55
ℹ suites 0
ℹ pass 55
ℹ fail 0
ℹ cancelled 0
ℹ skipped 0
ℹ todo 0
ℹ duration_ms 2407.1932
