{
  "status": "PLAN_VALIDATED_NOT_APPLIED",
  "targetCounts": {
    "identity": 22,
    "metadata": 22,
    "index": 22,
    "catalog": 22,
    "db": 1
  },
  "nonTargetInvariant": {
    "dbExamRows": 499,
    "identityRows": 11957,
    "metadataRows": 11957,
    "indexRows": 11949,
    "catalogRows": 11949,
    "allPreservedByDeepComparison": true,
    "identityRuntimeTuplesPreserved": true
  },
  "catalog": {
    "records": 11971,
    "exams": 500,
    "identityDigest": "f9dd36d1805532af9363819a5c437db75f49b782db9b12983297f52c0b0e10b6",
    "indexVersion": "1fb0c2fbd2cff14ac69c83ab4ce2aec2db4451ece1ed989d6071dd2908aa90a4",
    "projectionVersion": "archive2-canonical-v1:e4adc461a11ed9acec3deee77fb3a159dc621ec2d2ab19430e96c710b1c35849",
    "targetAutomaticCount": 0
  },
  "changedFiles": [
    "archive/db.js",
    "archive/data/question_identity_map.json",
    "archive/data/question_metadata.json",
    "archive/question-identity.js",
    "archive/question-index.js",
    "archive/question-index-report.md",
    "archive/question-index-audit.md",
    "archive/data/archive2-catalog.json",
    "archive/data/archive2-canonical-input-manifest.json"
  ]
}
