{
  "status": "APPLIED_PENDING_VALIDATORS",
  "targetCounts": {
    "identity": 22,
    "metadata": 22,
    "index": 22,
    "catalog": 22,
    "db": 1
  },
  "nonTargetInvariant": {
    "dbExamRows": 499,
    "identityRows": 11957,
    "metadataRows": 11957,
    "indexRows": 11949,
    "catalogRows": 11949,
    "allPreservedByDeepComparison": true,
    "identityRuntimeTuplesPreserved": true
  },
  "catalog": {
    "records": 11971,
    "exams": 500,
    "identityDigest": "f9dd36d1805532af9363819a5c437db75f49b782db9b12983297f52c0b0e10b6",
    "indexVersion": "9adc76c9b6afad9cf0338f6504bf48dda28495c324e8ebb658a798aac947f46a",
    "projectionVersion": "archive2-canonical-v1:aa2fe3affb3855d2aa8054a69914304d1bbae7f1c5002a0f575107b0c153ccbf",
    "targetAutomaticCount": 0
  },
  "changedFiles": [
    "archive/db.js",
    "archive/data/question_identity_map.json",
    "archive/data/question_metadata.json",
    "archive/question-identity.js",
    "archive/question-index.js",
    "archive/question-index-report.md",
    "archive/question-index-audit.md",
    "archive/data/archive2-catalog.json",
    "archive/data/archive2-canonical-input-manifest.json"
  ]
}
