TAP version 13
# Subtest: candidate recursively copies choices and rejects unsupported graphs without freezing raw input
ok 1 - candidate recursively copies choices and rejects unsupported graphs without freezing raw input
  ---
  duration_ms: 3.5218
  type: 'test'
  ...
# Subtest: keys include semantic changes and exclude pending session/request provenance
ok 2 - keys include semantic changes and exclude pending session/request provenance
  ---
  duration_ms: 1.281
  type: 'test'
  ...
# Subtest: pending materialization is a separate complete session and rejects mismatched targets
ok 3 - pending materialization is a separate complete session and rejects mismatched targets
  ---
  duration_ms: 0.5894
  type: 'test'
  ...
# Subtest: successful commit binds state, active status and current session; stale provenance is not validity
ok 4 - successful commit binds state, active status and current session; stale provenance is not validity
  ---
  duration_ms: 2.3515
  type: 'test'
  ...
# Subtest: PREPARE failure and history-like synchronous COMMIT failure preserve old state and status
ok 5 - PREPARE failure and history-like synchronous COMMIT failure preserve old state and status
  ---
  duration_ms: 2.311
  type: 'test'
  ...
# Subtest: latest wins serializes builds and never commits stale work
ok 6 - latest wins serializes builds and never commits stale work
  ---
  duration_ms: 1.2365
  type: 'test'
  ...
# Subtest: background and invalid enums cannot execute builds or effects
ok 7 - background and invalid enums cannot execute builds or effects
  ---
  duration_ms: 0.361
  type: 'test'
  ...
# Subtest: side effect failure, acknowledgement and retry keep one logical identity/key
ok 8 - side effect failure, acknowledgement and retry keep one logical identity/key
  ---
  duration_ms: 0.805
  type: 'test'
  ...
# Subtest: precommit effects are rejected before execution; no unresolved required compensation
ok 9 - precommit effects are rejected before execution; no unresolved required compensation
  ---
  duration_ms: 1.1517
  type: 'test'
  ...
# Subtest: asynchronous measurements remain bound to their own transaction metrics
ok 10 - asynchronous measurements remain bound to their own transaction metrics
  ---
  duration_ms: 1.7168
  type: 'test'
  ...
# Subtest: batch renderer is the default and legacy remains an explicit fallback
ok 11 - batch renderer is the default and legacy remains an explicit fallback
  ---
  duration_ms: 1.3427
  type: 'test'
  ...
# Subtest: both archive engines install render metrics and the shared loop runtime
ok 12 - both archive engines install render metrics and the shared loop runtime
  ---
  duration_ms: 2.8863
  type: 'test'
  ...
# Subtest: render metrics are exposed on the document for browser QA
ok 13 - render metrics are exposed on the document for browser QA
  ---
  duration_ms: 0.3733
  type: 'test'
  ...
# Subtest: inline scripts in both engines remain syntactically valid
ok 14 - inline scripts in both engines remain syntactically valid
  ---
  duration_ms: 11.3532
  type: 'test'
  ...
# Subtest: Archive adapter records opt-in canonical dual-run evidence while retaining legacy render paths
ok 15 - Archive adapter records opt-in canonical dual-run evidence while retaining legacy render paths
  ---
  duration_ms: 5.136
  type: 'test'
  ...
# Subtest: Archive solution executor is a DOM transaction module with injected engine dependencies
ok 16 - Archive solution executor is a DOM transaction module with injected engine dependencies
  ---
  duration_ms: 2.6741
  type: 'test'
  ...
# Subtest: Phase A report uses legacy/shared executor A/B as the authority gate
ok 17 - Phase A report uses legacy/shared executor A/B as the authority gate
  ---
  duration_ms: 1.0998
  type: 'test'
  ...
# Subtest: Archive answer executor is a mechanical DOM extraction with explicit legacy rollback
ok 18 - Archive answer executor is a mechanical DOM extraction with explicit legacy rollback
  ---
  duration_ms: 1.226
  type: 'test'
  ...
# Subtest: Archive exam executor is a mechanical DOM extraction with explicit legacy rollback
ok 19 - Archive exam executor is a mechanical DOM extraction with explicit legacy rollback
  ---
  duration_ms: 1.6173
  type: 'test'
  ...
# Subtest: Archive golden browser fixture records semantic parity across all three output modes
ok 20 - Archive golden browser fixture records semantic parity across all three output modes
  ---
  duration_ms: 0.637
  type: 'test'
  ...
# Subtest: Archive semantic golden fixture verifies table, image, and view-block subset without claiming the full catalog
ok 21 - Archive semantic golden fixture verifies table, image, and view-block subset without claiming the full catalog
  ---
  duration_ms: 0.5178
  type: 'test'
  ...
1..21
# tests 21
# suites 0
# pass 21
# fail 0
# cancelled 0
# skipped 0
# todo 0
# duration_ms 189.4287
