TAP version 13
# Subtest: Archive adapter records opt-in canonical dual-run evidence while retaining legacy render paths
ok 1 - Archive adapter records opt-in canonical dual-run evidence while retaining legacy render paths
  ---
  duration_ms: 4.5213
  type: 'test'
  ...
# Subtest: Archive solution executor is a DOM transaction module with injected engine dependencies
ok 2 - Archive solution executor is a DOM transaction module with injected engine dependencies
  ---
  duration_ms: 2.1245
  type: 'test'
  ...
# Subtest: Phase A report uses legacy/shared executor A/B as the authority gate
ok 3 - Phase A report uses legacy/shared executor A/B as the authority gate
  ---
  duration_ms: 5.3238
  type: 'test'
  ...
# Subtest: Archive answer executor is a mechanical DOM extraction with explicit legacy rollback
ok 4 - Archive answer executor is a mechanical DOM extraction with explicit legacy rollback
  ---
  duration_ms: 1.4744
  type: 'test'
  ...
# Subtest: Archive exam executor is a mechanical DOM extraction with explicit legacy rollback
ok 5 - Archive exam executor is a mechanical DOM extraction with explicit legacy rollback
  ---
  duration_ms: 11.4569
  type: 'test'
  ...
# Subtest: Archive golden browser fixture records semantic parity across all three output modes
ok 6 - Archive golden browser fixture records semantic parity across all three output modes
  ---
  duration_ms: 1.678
  type: 'test'
  ...
# Subtest: Archive semantic golden fixture verifies table, image, and view-block subset without claiming the full catalog
ok 7 - Archive semantic golden fixture verifies table, image, and view-block subset without claiming the full catalog
  ---
  duration_ms: 0.9887
  type: 'test'
  ...
# Subtest: Layout core keeps source data out while producing qpp, two-column, layoutTag, continuation, and overflow evidence
ok 8 - Layout core keeps source data out while producing qpp, two-column, layoutTag, continuation, and overflow evidence
  ---
  duration_ms: 5.2938
  type: 'test'
  ...
# Subtest: Adapter materialization restores PageMap and separates continuation from primary question accounting
ok 9 - Adapter materialization restores PageMap and separates continuation from primary question accounting
  ---
  duration_ms: 1.4777
  type: 'test'
  ...
# Subtest: Layout respects selected raw/tight measurements, block gap, and explicit slot occupancy before qpp page breaks
ok 10 - Layout respects selected raw/tight measurements, block gap, and explicit slot occupancy before qpp page breaks
  ---
  duration_ms: 0.6475
  type: 'test'
  ...
# Subtest: subjective layout tags automatically reserve legacy-compatible row spans and qpp slots
ok 11 - subjective layout tags automatically reserve legacy-compatible row spans and qpp slots
  ---
  duration_ms: 0.5666
  type: 'test'
  ...
# Subtest: pure legacy SLOT_POLICY and CHUNK_POLICY preserve deterministic left/right and 2up repack placement facts
ok 12 - pure legacy SLOT_POLICY and CHUNK_POLICY preserve deterministic left/right and 2up repack placement facts
  ---
  duration_ms: 2.4979
  type: 'test'
  ...
# Subtest: promotion comparator fails closed for a mutated legacy page, column, or continuation fact
ok 13 - promotion comparator fails closed for a mutated legacy page, column, or continuation fact
  ---
  duration_ms: 6.1333
  type: 'test'
  ...
# Subtest: Clinic composition planner rejects recipient/source/duplex boundary mutations without collapsing review sections
ok 14 - Clinic composition planner rejects recipient/source/duplex boundary mutations without collapsing review sections
  ---
  duration_ms: 2.3438
  type: 'test'
  ...
# Subtest: rendered geometry comparator rejects header, spacer, slot-flex, and body-height mutations
ok 15 - rendered geometry comparator rejects header, spacer, slot-flex, and body-height mutations
  ---
  duration_ms: 0.4994
  type: 'test'
  ...
# Subtest: solution layout bridge preserves continuation identity and rejects solution placement mutations
ok 16 - solution layout bridge preserves continuation identity and rejects solution placement mutations
  ---
  duration_ms: 3.841
  type: 'test'
  ...
1..16
# tests 16
# suites 0
# pass 16
# fail 0
# cancelled 0
# skipped 0
# todo 0
# duration_ms 246.6134
