✔ requested profile font composition targets the measured CSS floor and refuses unsafe scale (1.4792ms)
✔ logic: preflight remains provisional and independently selects the smallest passing profile (124.7379ms)
✔ logic: full-only success does not qualify medium or silently change to full (89.5934ms)
✔ logic: all profile floors below threshold remain unsupported (92.6297ms)
✔ logic: final candidate inventory and graph/topology/stroke gates fail closed (91.5118ms)
✔ logic: graph and topology worker records bind the same candidate SVG and display scale (187.3718ms)
✔ logic: stroke measurements bind the final candidate and profile (91.3812ms)
✔ logic: provisional evidence rejects synthetic or non-Playwright Archive measurements (0.3902ms)
✔ logic: archive-engine policy hash and candidate SVG intrinsic/viewBox match the plan (130.1871ms)
✔ logic: the measured solution-meta content box is bound as the CSS scaling denominator (61.7825ms)
✔ logic: final support rereads and verifies the actual Archive preflight refs (143.2377ms)
✔ logic: every expected label requires a finite final viewport CSS font metric (319.5128ms)
✔ logic: candidate SHA, source, solution and policy identity mutations cannot support a profile (432.1296ms)
✔ logic: synthetic and wrong-runtime final audits cannot pass even with good numeric metrics (148.05ms)
✔ logic: raw measurement and screenshot refs are mandatory, unique, hash-bound PNG evidence (289.887ms)
✔ logic: final actual Archive comparison reads bound runtime, lineage and raw capture assets (118.8969ms)
✔ logic: actual loaded image rect, container width, size class and computed policy match selected profile (110.1703ms)
✔ SOLUTION: source-only freeze physically precedes disclosure; legacy and tampered decisions rejected (15.5115ms)
✔ CONDITIONS: source-only freeze physically precedes disclosure; legacy and tampered decisions rejected (13.2925ms)
✔ replay reuses only current review authority and requires a valid fresh replacement (64.6684ms)
✔ changed proposed visual plan invalidates the source-condition replay binding (22.6924ms)
✔ observer and provider closure mutations invalidate source-condition replay authority (80.9693ms)
✔ no comparison call after blind failure, leak, absent image or non-durable freeze (3.7196ms)
✔ verification key changes for source, answer, solution or verifier/provider closure (14.0869ms)
✔ actual UID CLI and direct phase2 cannot manufacture ACTIVE authority from locator (292.8372ms)
✔ canonical/current authority resolves opaque UID without filename search and rejects retired/stale mappings (21.5103ms)
✔ Cindy refuses unsafe integer/rational and a manufactured double delta-zero PASS (0.9576ms)
✔ Node authority normalizes 1/1.0, -0, NFC; Python binds identical raw blob (149.556ms)
✔ unsafe numbers and executable/untyped exact scalars rejected (1.0462ms)
✔ raw SHA, object SHA, legacy SHA retain distinct meanings (7.2216ms)
✔ canonical UID maps stable role to asset independent of revision (0.6708ms)
✔ immutable commit, corruption, partial staging, concurrent writer fail closed (55.2994ms)
✔ separate processes cannot publish competing bytes for one immutable stage key (155.8699ms)
✔ temporary workspace required and traversal rejected (0.4218ms)
✔ each real UID attempt binds a unique temporary run and exam workspace (0.4298ms)
✔ temporary workspace junction into another root rejected (3.385ms)
✔ calculation cache reuses bytes with new provenance, never review authority (30.6238ms)
✔ crashed stage output is invisible to cache and same-key recovery recomputes a complete receipt (52.0671ms)
✔ scope fingerprint includes observer code, excludes unrelated docs (7.1269ms)
✔ timeout terminates worker; next request uses a fresh subprocess (257.514ms)
✔ production build worker rejects approximate fallback when browser measurements are absent (169.6632ms)
✔ concurrent async runs keep generated output in their own Archive temp workspaces (62.3095ms)
✔ one controller rejects fourth repair and repeated input/action/output (0.5643ms)
✔ repair ledger hydration carries the same three-attempt budget across replay (0.4366ms)
✔ frozen plan -> Node/Python -> Cindy -> immutable result; warm math and fresh audit (1008.5082ms)
✔ polynomial runner uses a separately launched observer and never marks source review PASS (929.4081ms)
✔ unknown plan fields, source mismatch, wrong capability and production mode rejected (82.3307ms)
✔ UID authority mapping and actual source resolve, solution text is not verified (10.0526ms)
✔ real UID locator leaves immutable INPUT_REQUIRED rather than fabricated authority (29.3798ms)
✔ Archive asset matching decodes Korean URL paths before comparing canonical paths (1.0606ms)
ℹ tests 50
ℹ suites 0
ℹ pass 50
ℹ fail 0
ℹ cancelled 0
ℹ skipped 0
ℹ todo 0
ℹ duration_ms 2556.5403
