$ node --test archive/tools/geometry-equation/tests/p1-boundaries.test.mjs archive/tools/geometry-equation/tests/production-runner.test.mjs archive/tools/geometry-equation/tests/production-contract.test.mjs archive/tools/geometry-equation/tests/worker-error-recovery.test.mjs archive/tools/geometry-equation/tests/worker-cancel-recovery.test.mjs archive/tools/geometry-equation/tests/worker-malformed-recovery.test.mjs archive/tools/geometry-equation/tests/repair-budget-replay.test.mjs archive/tools/geometry-equation/tests/display-envelope.test.mjs archive/tools/geometry-equation/tests/record-visual-browser-evidence.test.mjs
exit=0
✔ requested profile font composition targets the measured CSS floor and refuses unsafe scale (1.4604ms)
✔ logic: preflight remains provisional and independently selects the smallest passing profile (130.6285ms)
✔ logic: full-only success does not qualify medium or silently change to full (104.0063ms)
✔ logic: all profile floors below threshold remain unsupported (101.8556ms)
✔ logic: final candidate inventory and graph/topology/stroke gates fail closed (104.4699ms)
✔ logic: graph and topology worker records bind the same candidate SVG and display scale (174.2383ms)
✔ logic: stroke measurements bind the final candidate and profile (81.5007ms)
✔ logic: provisional evidence rejects synthetic or non-Playwright Archive measurements (0.31ms)
✔ logic: archive-engine policy hash and candidate SVG intrinsic/viewBox match the plan (120.2369ms)
✔ logic: the measured solution-meta content box is bound as the CSS scaling denominator (63.0872ms)
✔ logic: final support rereads and verifies the actual Archive preflight refs (130.1899ms)
✔ logic: every expected label requires a finite final viewport CSS font metric (305.3861ms)
✔ logic: candidate SHA, source, solution and policy identity mutations cannot support a profile (439.7313ms)
✔ logic: synthetic and wrong-runtime final audits cannot pass even with good numeric metrics (140.4221ms)
✔ logic: raw measurement and screenshot refs are mandatory, unique, hash-bound PNG evidence (285.0339ms)
✔ logic: final actual Archive comparison reads bound runtime, lineage and raw capture assets (120.0203ms)
✔ logic: actual loaded image rect, container width, size class and computed policy match selected profile (111.7303ms)
✔ SOLUTION: source-only freeze physically precedes disclosure; legacy and tampered decisions rejected (18.314ms)
✔ CONDITIONS: source-only freeze physically precedes disclosure; legacy and tampered decisions rejected (13.4915ms)
✔ replay reuses only current review authority and requires a valid fresh replacement (77.6667ms)
✔ changed proposed visual plan invalidates the source-condition replay binding (26.7719ms)
✔ observer and provider closure mutations invalidate source-condition replay authority (90.0855ms)
✔ no comparison call after blind failure, leak, absent image or non-durable freeze (4.8363ms)
✔ verification key changes for source, answer, solution or verifier/provider closure (15.7959ms)
✔ actual UID CLI and direct phase2 cannot manufacture ACTIVE authority from locator (274.813ms)
✔ canonical/current authority resolves opaque UID without filename search and rejects retired/stale mappings (24.3141ms)
✔ Cindy refuses unsafe integer/rational and a manufactured double delta-zero PASS (0.872ms)
✔ Node authority normalizes 1/1.0, -0, NFC; Python binds identical raw blob (156.5001ms)
✔ unsafe numbers and executable/untyped exact scalars rejected (0.977ms)
✔ raw SHA, object SHA, legacy SHA retain distinct meanings (7.041ms)
✔ canonical UID maps stable role to asset independent of revision (0.6661ms)
✔ immutable commit, corruption, partial staging, concurrent writer fail closed (66.6809ms)
✔ separate processes cannot publish competing bytes for one immutable stage key (155.3597ms)
✔ temporary workspace required and traversal rejected (0.4411ms)
✔ each real UID attempt binds a unique temporary run and exam workspace (0.4196ms)
✔ temporary workspace junction into another root rejected (5.6529ms)
✔ calculation cache reuses bytes with new provenance, never review authority (38.6265ms)
✔ crashed stage output is invisible to cache and same-key recovery recomputes a complete receipt (47.4393ms)
✔ scope fingerprint includes observer code, excludes unrelated docs (6.031ms)
✔ timeout terminates worker; next request uses a fresh subprocess (233.8643ms)
✔ timed out calculation stage stays uncached until same-key recovery commits complete bytes (282.5622ms)
✔ production build worker rejects approximate fallback when browser measurements are absent (175.6917ms)
✔ concurrent async runs keep generated output in their own Archive temp workspaces (48.7531ms)
✔ one controller rejects fourth repair and repeated input/action/output (0.9743ms)
✔ repair ledger hydration carries the same three-attempt budget across replay (0.6156ms)
✔ frozen plan -> Node/Python -> Cindy -> immutable result; warm math and fresh audit (982.6655ms)
✔ polynomial runner uses a separately launched observer and never marks source review PASS (933.2849ms)
✔ unknown plan fields, source mismatch, wrong capability and production mode rejected (77.6024ms)
✔ UID authority mapping and actual source resolve, solution text is not verified (10.8926ms)
✔ real UID locator leaves immutable INPUT_REQUIRED rather than fabricated authority (30.9175ms)
✔ Archive asset matching decodes Korean URL paths before comparing canonical paths (1.0171ms)
✔ an exact completed repair is replayed without spending another shared-budget entry (3.1674ms)
✔ an interrupted exact repair completes its existing entry and changed inputs spend a distinct entry (0.6833ms)
✔ cancellation terminates its worker and leaves the calculation key recoverable (352.1858ms)
✔ worker output-limit and nonzero-exit stages stay uncached until same-key recovery (593.7872ms)
✔ invalid worker protocol stays uncached until same-key recovery commits valid bytes (316.9031ms)
ℹ tests 56
ℹ suites 0
ℹ pass 56
ℹ fail 0
ℹ cancelled 0
ℹ skipped 0
ℹ todo 0
ℹ duration_ms 2526.3803
