=== repetition 1/10; exit 0; signal none ===
✔ invalid worker protocol stays uncached until same-key recovery commits valid bytes (221.2982ms)
ℹ tests 1
ℹ suites 0
ℹ pass 1
ℹ fail 0
ℹ cancelled 0
ℹ skipped 0
ℹ todo 0
ℹ duration_ms 311.003

=== repetition 2/10; exit 0; signal none ===
✔ invalid worker protocol stays uncached until same-key recovery commits valid bytes (228.4155ms)
ℹ tests 1
ℹ suites 0
ℹ pass 1
ℹ fail 0
ℹ cancelled 0
ℹ skipped 0
ℹ todo 0
ℹ duration_ms 322.6007

=== repetition 3/10; exit 0; signal none ===
✔ invalid worker protocol stays uncached until same-key recovery commits valid bytes (241.9567ms)
ℹ tests 1
ℹ suites 0
ℹ pass 1
ℹ fail 0
ℹ cancelled 0
ℹ skipped 0
ℹ todo 0
ℹ duration_ms 337.8034

=== repetition 4/10; exit 0; signal none ===
✔ invalid worker protocol stays uncached until same-key recovery commits valid bytes (241.0109ms)
ℹ tests 1
ℹ suites 0
ℹ pass 1
ℹ fail 0
ℹ cancelled 0
ℹ skipped 0
ℹ todo 0
ℹ duration_ms 335.6025

=== repetition 5/10; exit 0; signal none ===
✔ invalid worker protocol stays uncached until same-key recovery commits valid bytes (214.8731ms)
ℹ tests 1
ℹ suites 0
ℹ pass 1
ℹ fail 0
ℹ cancelled 0
ℹ skipped 0
ℹ todo 0
ℹ duration_ms 304.2267

=== repetition 6/10; exit 0; signal none ===
✔ invalid worker protocol stays uncached until same-key recovery commits valid bytes (220.1618ms)
ℹ tests 1
ℹ suites 0
ℹ pass 1
ℹ fail 0
ℹ cancelled 0
ℹ skipped 0
ℹ todo 0
ℹ duration_ms 311.5949

=== repetition 7/10; exit 0; signal none ===
✔ invalid worker protocol stays uncached until same-key recovery commits valid bytes (242.6318ms)
ℹ tests 1
ℹ suites 0
ℹ pass 1
ℹ fail 0
ℹ cancelled 0
ℹ skipped 0
ℹ todo 0
ℹ duration_ms 336.8706

=== repetition 8/10; exit 0; signal none ===
✔ invalid worker protocol stays uncached until same-key recovery commits valid bytes (238.4644ms)
ℹ tests 1
ℹ suites 0
ℹ pass 1
ℹ fail 0
ℹ cancelled 0
ℹ skipped 0
ℹ todo 0
ℹ duration_ms 341.3392

=== repetition 9/10; exit 0; signal none ===
✔ invalid worker protocol stays uncached until same-key recovery commits valid bytes (238.8778ms)
ℹ tests 1
ℹ suites 0
ℹ pass 1
ℹ fail 0
ℹ cancelled 0
ℹ skipped 0
ℹ todo 0
ℹ duration_ms 334.2357

=== repetition 10/10; exit 0; signal none ===
✔ invalid worker protocol stays uncached until same-key recovery commits valid bytes (239.1301ms)
ℹ tests 1
ℹ suites 0
ℹ pass 1
ℹ fail 0
ℹ cancelled 0
ℹ skipped 0
ℹ todo 0
ℹ duration_ms 336.824

