✔ logic: preflight remains provisional and independently selects the smallest passing profile (110.9488ms)
✔ logic: full-only success does not qualify medium or silently change to full (89.8574ms)
✔ logic: all profile floors below threshold remain unsupported (82.1399ms)
✔ logic: final candidate inventory and graph/topology/stroke gates fail closed (81.8332ms)
✔ logic: graph and topology worker records bind the same candidate SVG and display scale (171.7613ms)
✔ logic: stroke measurements bind the final candidate and profile (72.4181ms)
✔ logic: provisional evidence rejects synthetic or non-Playwright Archive measurements (0.4749ms)
✔ logic: archive-engine policy hash and candidate SVG intrinsic/viewBox match the plan (121.5725ms)
✔ logic: the measured solution-meta content box is bound as the CSS scaling denominator (64.8458ms)
✔ logic: final support rereads and verifies the actual Archive preflight refs (133.3283ms)
✔ logic: every expected label requires a finite final viewport CSS font metric (280.1294ms)
✔ logic: candidate SHA, source, solution and policy identity mutations cannot support a profile (403.3421ms)
✔ logic: synthetic and wrong-runtime final audits cannot pass even with good numeric metrics (135.3217ms)
✔ logic: raw measurement and screenshot refs are mandatory, unique, hash-bound PNG evidence (275.6733ms)
✔ logic: final actual Archive comparison reads bound runtime, lineage and raw capture assets (119.346ms)
✔ logic: actual loaded image rect, container width, size class and computed policy match selected profile (105.372ms)
✔ SOLUTION: source-only freeze physically precedes disclosure; legacy and tampered decisions rejected (14.1932ms)
✔ CONDITIONS: source-only freeze physically precedes disclosure; legacy and tampered decisions rejected (10.8261ms)
✔ replay reuses only current review authority and requires a valid fresh replacement (65.4457ms)
✔ no comparison call after blind failure, leak, absent image or non-durable freeze (3.5075ms)
✔ verification key changes for source, answer, solution or verifier/provider closure (14.4408ms)
✔ actual UID CLI and direct phase2 cannot manufacture ACTIVE authority from locator (259.8069ms)
✔ canonical/current authority resolves opaque UID without filename search and rejects retired/stale mappings (23.1135ms)
✔ Cindy refuses unsafe integer/rational and a manufactured double delta-zero PASS (0.672ms)
✔ Node authority normalizes 1/1.0, -0, NFC; Python binds identical raw blob (133.2985ms)
✔ unsafe numbers and executable/untyped exact scalars rejected (0.6619ms)
✔ raw SHA, object SHA, legacy SHA retain distinct meanings (6.425ms)
✔ canonical UID maps stable role to asset independent of revision (0.6302ms)
✔ immutable commit, corruption, partial staging, concurrent writer fail closed (56.7401ms)
✔ separate processes cannot publish competing bytes for one immutable stage key (134.2045ms)
✔ temporary workspace required and traversal rejected (0.3378ms)
✔ each real UID attempt binds a unique temporary run and exam workspace (0.2956ms)
✔ temporary workspace junction into another root rejected (4.2778ms)
✔ calculation cache reuses bytes with new provenance, never review authority (28.9533ms)
✔ scope fingerprint includes observer code, excludes unrelated docs (5.8441ms)
✔ timeout terminates worker; next request uses a fresh subprocess (224.784ms)
✔ production build worker rejects approximate fallback when browser measurements are absent (174.8569ms)
✔ concurrent async runs keep generated output in their own Archive temp workspaces (60.1807ms)
✔ one controller rejects fourth repair and repeated input/action/output (0.4786ms)
✔ repair ledger hydration carries the same three-attempt budget across replay (0.333ms)
✔ frozen plan -> Node/Python -> Cindy -> immutable result; warm math and fresh audit (913.4073ms)
✔ polynomial runner uses a separately launched observer and never marks source review PASS (836.5985ms)
✔ unknown plan fields, source mismatch, wrong capability and production mode rejected (75.1853ms)
✔ UID authority mapping and actual source resolve, solution text is not verified (10.2298ms)
✔ real UID locator leaves immutable INPUT_REQUIRED rather than fabricated authority (31.2841ms)
✔ Archive asset matching decodes Korean URL paths before comparing canonical paths (0.8723ms)
ℹ tests 46
ℹ suites 0
ℹ pass 46
ℹ fail 0
ℹ cancelled 0
ℹ skipped 0
ℹ todo 0
ℹ duration_ms 2358.3774
