=== iteration 1 ===
✔ separate processes cannot publish competing bytes for one immutable stage key (118.6265ms)
ℹ tests 1
ℹ suites 0
ℹ pass 1
ℹ fail 0
ℹ cancelled 0
ℹ skipped 0
ℹ todo 0
ℹ duration_ms 214.2034
=== iteration 2 ===
✔ separate processes cannot publish competing bytes for one immutable stage key (120.2279ms)
ℹ tests 1
ℹ suites 0
ℹ pass 1
ℹ fail 0
ℹ cancelled 0
ℹ skipped 0
ℹ todo 0
ℹ duration_ms 209.9327
=== iteration 3 ===
✔ separate processes cannot publish competing bytes for one immutable stage key (118.1585ms)
ℹ tests 1
ℹ suites 0
ℹ pass 1
ℹ fail 0
ℹ cancelled 0
ℹ skipped 0
ℹ todo 0
ℹ duration_ms 208.185
=== iteration 4 ===
✔ separate processes cannot publish competing bytes for one immutable stage key (116.5189ms)
ℹ tests 1
ℹ suites 0
ℹ pass 1
ℹ fail 0
ℹ cancelled 0
ℹ skipped 0
ℹ todo 0
ℹ duration_ms 208.8928
=== iteration 5 ===
✔ separate processes cannot publish competing bytes for one immutable stage key (116.983ms)
ℹ tests 1
ℹ suites 0
ℹ pass 1
ℹ fail 0
ℹ cancelled 0
ℹ skipped 0
ℹ todo 0
ℹ duration_ms 206.9069
=== iteration 6 ===
✔ separate processes cannot publish competing bytes for one immutable stage key (117.3882ms)
ℹ tests 1
ℹ suites 0
ℹ pass 1
ℹ fail 0
ℹ cancelled 0
ℹ skipped 0
ℹ todo 0
ℹ duration_ms 211.1542
=== iteration 7 ===
✔ separate processes cannot publish competing bytes for one immutable stage key (116.469ms)
ℹ tests 1
ℹ suites 0
ℹ pass 1
ℹ fail 0
ℹ cancelled 0
ℹ skipped 0
ℹ todo 0
ℹ duration_ms 207.0128
=== iteration 8 ===
✔ separate processes cannot publish competing bytes for one immutable stage key (113.4363ms)
ℹ tests 1
ℹ suites 0
ℹ pass 1
ℹ fail 0
ℹ cancelled 0
ℹ skipped 0
ℹ todo 0
ℹ duration_ms 207.5537
=== iteration 9 ===
✔ separate processes cannot publish competing bytes for one immutable stage key (115.7416ms)
ℹ tests 1
ℹ suites 0
ℹ pass 1
ℹ fail 0
ℹ cancelled 0
ℹ skipped 0
ℹ todo 0
ℹ duration_ms 210.7555
=== iteration 10 ===
✔ separate processes cannot publish competing bytes for one immutable stage key (114.7934ms)
ℹ tests 1
ℹ suites 0
ℹ pass 1
ℹ fail 0
ℹ cancelled 0
ℹ skipped 0
ℹ todo 0
ℹ duration_ms 206.3512
