✔ logic: preflight remains provisional and independently selects the smallest passing profile (94.4699ms)
✔ logic: full-only success does not qualify medium or silently change to full (75.7571ms)
✔ logic: all profile floors below threshold remain unsupported (68.8711ms)
✔ logic: final candidate inventory and graph/topology/stroke gates fail closed (67.9595ms)
✔ logic: graph and topology worker records bind the same candidate SVG and display scale (142.9621ms)
✔ logic: stroke measurements bind the final candidate and profile (69.2699ms)
✔ logic: provisional evidence rejects synthetic or non-Playwright Archive measurements (0.4797ms)
✔ logic: archive-engine policy hash and candidate SVG intrinsic/viewBox match the plan (113.7247ms)
✔ logic: the measured solution-meta content box is bound as the CSS scaling denominator (54.2845ms)
✔ logic: final support rereads and verifies the actual Archive preflight refs (107.0737ms)
✔ logic: every expected label requires a finite final viewport CSS font metric (261.8581ms)
✔ logic: candidate SHA, source, solution and policy identity mutations cannot support a profile (387.7432ms)
✔ logic: synthetic and wrong-runtime final audits cannot pass even with good numeric metrics (132.4436ms)
✔ logic: raw measurement and screenshot refs are mandatory, unique, hash-bound PNG evidence (264.6312ms)
✔ logic: final actual Archive comparison reads bound runtime, lineage and raw capture assets (120.4648ms)
✔ logic: actual loaded image rect, container width, size class and computed policy match selected profile (101.9822ms)
✔ Node authority normalizes 1/1.0, -0, NFC; Python binds identical raw blob (108.8146ms)
✔ unsafe numbers and executable/untyped exact scalars rejected (0.6044ms)
✔ raw SHA, object SHA, legacy SHA retain distinct meanings (4.6768ms)
✔ canonical UID maps stable role to asset independent of revision (0.4716ms)
✔ immutable commit, corruption, partial staging, concurrent writer fail closed (46.5547ms)
✔ separate processes cannot publish competing bytes for one immutable stage key (110.2616ms)
✔ temporary workspace required and traversal rejected (0.2954ms)
✔ each real UID attempt binds a unique temporary run and exam workspace (0.2945ms)
✔ temporary workspace junction into another root rejected (3.0178ms)
✔ calculation cache reuses bytes with new provenance, never review authority (27.3812ms)
✔ scope fingerprint includes observer code, excludes unrelated docs (5.2636ms)
✔ timeout terminates worker; next request uses a fresh subprocess (222.6619ms)
✔ concurrent async runs keep generated output in their own Archive temp workspaces (45.119ms)
✔ one controller rejects fourth repair and repeated input/action/output (0.5707ms)
✔ repair ledger hydration carries the same three-attempt budget across replay (0.3648ms)
✔ Archive asset matching decodes Korean URL paths before comparing canonical paths (0.6978ms)
ℹ tests 32
ℹ suites 0
ℹ pass 32
ℹ fail 0
ℹ cancelled 0
ℹ skipped 0
ℹ todo 0
ℹ duration_ms 2164.1896
