$ node --test archive/tools/geometry-equation/tests/p1-boundaries.test.mjs archive/tools/geometry-equation/tests/production-runner.test.mjs archive/tools/geometry-equation/tests/production-contract.test.mjs archive/tools/geometry-equation/tests/display-envelope.test.mjs archive/tools/geometry-equation/tests/record-visual-browser-evidence.test.mjs
exit=0 signal=none
✔ requested profile font composition targets the measured CSS floor and refuses unsafe scale (1.3258ms)
✔ logic: preflight remains provisional and independently selects the smallest passing profile (98.2952ms)
✔ logic: full-only success does not qualify medium or silently change to full (81.8246ms)
✔ logic: all profile floors below threshold remain unsupported (73.2478ms)
✔ logic: final candidate inventory and graph/topology/stroke gates fail closed (75.6194ms)
✔ logic: graph and topology worker records bind the same candidate SVG and display scale (159.8144ms)
✔ logic: stroke measurements bind the final candidate and profile (71.1569ms)
✔ logic: provisional evidence rejects synthetic or non-Playwright Archive measurements (0.288ms)
✔ logic: archive-engine policy hash and candidate SVG intrinsic/viewBox match the plan (114.779ms)
✔ logic: the measured solution-meta content box is bound as the CSS scaling denominator (58.5753ms)
✔ logic: final support rereads and verifies the actual Archive preflight refs (119.6623ms)
✔ logic: every expected label requires a finite final viewport CSS font metric (293.449ms)
✔ logic: candidate SHA, source, solution and policy identity mutations cannot support a profile (421.7225ms)
✔ logic: synthetic and wrong-runtime final audits cannot pass even with good numeric metrics (142.1779ms)
✔ logic: raw measurement and screenshot refs are mandatory, unique, hash-bound PNG evidence (299.9074ms)
✔ logic: final actual Archive comparison reads bound runtime, lineage and raw capture assets (117.4488ms)
✔ logic: actual loaded image rect, container width, size class and computed policy match selected profile (111.9659ms)
✔ SOLUTION: source-only freeze physically precedes disclosure; legacy and tampered decisions rejected (12.9753ms)
✔ CONDITIONS: source-only freeze physically precedes disclosure; legacy and tampered decisions rejected (10.3344ms)
✔ replay reuses only current review authority and requires a valid fresh replacement (58.1384ms)
✔ changed proposed visual plan invalidates the source-condition replay binding (18.8073ms)
✔ observer and provider closure mutations invalidate source-condition replay authority (63.388ms)
✔ no comparison call after blind failure, leak, absent image or non-durable freeze (4.164ms)
✔ verification key changes for source, answer, solution or verifier/provider closure (10.5054ms)
✔ actual UID CLI and direct phase2 cannot manufacture ACTIVE authority from locator (237.6967ms)
✔ canonical/current authority resolves opaque UID without filename search and rejects retired/stale mappings (19.9435ms)
✔ Cindy refuses unsafe integer/rational and a manufactured double delta-zero PASS (0.7805ms)
✔ Node authority normalizes 1/1.0, -0, NFC; Python binds identical raw blob (115.3839ms)
✔ unsafe numbers and executable/untyped exact scalars rejected (0.6509ms)
✔ raw SHA, object SHA, legacy SHA retain distinct meanings (5.8851ms)
✔ canonical UID maps stable role to asset independent of revision (0.7353ms)
✔ immutable commit, corruption, partial staging, concurrent writer fail closed (51.2663ms)
✔ separate processes cannot publish competing bytes for one immutable stage key (122.2782ms)
✔ temporary workspace required and traversal rejected (0.3232ms)
✔ each real UID attempt binds a unique temporary run and exam workspace (0.3273ms)
✔ temporary workspace junction into another root rejected (3.2121ms)
✔ calculation cache reuses bytes with new provenance, never review authority (29.0041ms)
✔ crashed stage output is invisible to cache and same-key recovery recomputes a complete receipt (41.5318ms)
✔ scope fingerprint includes observer code, excludes unrelated docs (6.1287ms)
✔ timeout terminates worker; next request uses a fresh subprocess (223.843ms)
✔ timed out calculation stage stays uncached until same-key recovery commits complete bytes (273.1627ms)
✔ production build worker rejects approximate fallback when browser measurements are absent (163.1854ms)
✔ concurrent async runs keep generated output in their own Archive temp workspaces (56.5222ms)
✔ one controller rejects fourth repair and repeated input/action/output (0.5552ms)
✔ repair ledger hydration carries the same three-attempt budget across replay (0.3304ms)
✔ frozen plan -> Node/Python -> Cindy -> immutable result; warm math and fresh audit (841.6593ms)
✔ polynomial runner uses a separately launched observer and never marks source review PASS (895.0802ms)
✔ unknown plan fields, source mismatch, wrong capability and production mode rejected (82.3448ms)
✔ UID authority mapping and actual source resolve, solution text is not verified (16.8733ms)
✔ real UID locator leaves immutable INPUT_REQUIRED rather than fabricated authority (32.2703ms)
✔ Archive asset matching decodes Korean URL paths before comparing canonical paths (0.6954ms)
ℹ tests 51
ℹ suites 0
ℹ pass 51
ℹ fail 0
ℹ cancelled 0
ℹ skipped 0
ℹ todo 0
ℹ duration_ms 2348.8308
