=== repetition 1/10; exit 0; signal none ===
✔ timed out calculation stage stays uncached until same-key recovery commits complete bytes (265.2741ms)
ℹ tests 1
ℹ suites 0
ℹ pass 1
ℹ fail 0
ℹ cancelled 0
ℹ skipped 0
ℹ todo 0
ℹ duration_ms 358.9834

=== repetition 2/10; exit 0; signal none ===
✔ timed out calculation stage stays uncached until same-key recovery commits complete bytes (267.5794ms)
ℹ tests 1
ℹ suites 0
ℹ pass 1
ℹ fail 0
ℹ cancelled 0
ℹ skipped 0
ℹ todo 0
ℹ duration_ms 360.4255

=== repetition 3/10; exit 0; signal none ===
✔ timed out calculation stage stays uncached until same-key recovery commits complete bytes (257.3857ms)
ℹ tests 1
ℹ suites 0
ℹ pass 1
ℹ fail 0
ℹ cancelled 0
ℹ skipped 0
ℹ todo 0
ℹ duration_ms 351.7067

=== repetition 4/10; exit 0; signal none ===
✔ timed out calculation stage stays uncached until same-key recovery commits complete bytes (262.7746ms)
ℹ tests 1
ℹ suites 0
ℹ pass 1
ℹ fail 0
ℹ cancelled 0
ℹ skipped 0
ℹ todo 0
ℹ duration_ms 357.2234

=== repetition 5/10; exit 0; signal none ===
✔ timed out calculation stage stays uncached until same-key recovery commits complete bytes (251.8345ms)
ℹ tests 1
ℹ suites 0
ℹ pass 1
ℹ fail 0
ℹ cancelled 0
ℹ skipped 0
ℹ todo 0
ℹ duration_ms 344.8481

=== repetition 6/10; exit 0; signal none ===
✔ timed out calculation stage stays uncached until same-key recovery commits complete bytes (257.265ms)
ℹ tests 1
ℹ suites 0
ℹ pass 1
ℹ fail 0
ℹ cancelled 0
ℹ skipped 0
ℹ todo 0
ℹ duration_ms 348.0206

=== repetition 7/10; exit 0; signal none ===
✔ timed out calculation stage stays uncached until same-key recovery commits complete bytes (264.4016ms)
ℹ tests 1
ℹ suites 0
ℹ pass 1
ℹ fail 0
ℹ cancelled 0
ℹ skipped 0
ℹ todo 0
ℹ duration_ms 357.991

=== repetition 8/10; exit 0; signal none ===
✔ timed out calculation stage stays uncached until same-key recovery commits complete bytes (255.0715ms)
ℹ tests 1
ℹ suites 0
ℹ pass 1
ℹ fail 0
ℹ cancelled 0
ℹ skipped 0
ℹ todo 0
ℹ duration_ms 351.7094

=== repetition 9/10; exit 0; signal none ===
✔ timed out calculation stage stays uncached until same-key recovery commits complete bytes (266.6136ms)
ℹ tests 1
ℹ suites 0
ℹ pass 1
ℹ fail 0
ℹ cancelled 0
ℹ skipped 0
ℹ todo 0
ℹ duration_ms 364.0885

=== repetition 10/10; exit 0; signal none ===
✔ timed out calculation stage stays uncached until same-key recovery commits complete bytes (271.3215ms)
ℹ tests 1
ℹ suites 0
ℹ pass 1
ℹ fail 0
ℹ cancelled 0
ℹ skipped 0
ℹ todo 0
ℹ duration_ms 365.3016

