28/Sep/2026 22:17:06 "GET /archive/exams/visang_shape_movement_review.js HTTP/1.1" 200 -
28/Sep/2026 22:17:06 "GET /archive/assets/images/%EB%B9%84%EC%83%81_%EA%B3%B5%ED%86%B5%EC%88%98%ED%95%992_%EB%8F%84%ED%98%95%EC%9D%98%EC%9D%B4%EB%8F%99_%EC%A4%91%EB%8B%A8%EC%9B%90%ED%95%99%EC%8A%B5%EC%A0%90%EA%B2%80_%EA%B3%A01/q08.png HTTP/1.1" 200 -
28/Sep/2026 22:17:11 "GET /archive/engine.html?data=exams%2Fvisang_shape_movement_review.js&mode=exam HTTP/1.1" 304 -
28/Sep/2026 22:17:11 "GET /archive/archive2-review.js HTTP/1.1" 304 -
28/Sep/2026 22:17:11 "GET /archive/archive2-review.css HTTP/1.1" 304 -
28/Sep/2026 22:17:11 "GET /archive/vendor/html2canvas/html2canvas.min.js?v=1.4.1 HTTP/1.1" 304 -
28/Sep/2026 22:17:11 "GET /archive/native_print.js?v=20260915.2 HTTP/1.1" 304 -
28/Sep/2026 22:17:11 "GET /archive/mathjax_render_loop.js?v=20260911.5 HTTP/1.1" 304 -
28/Sep/2026 22:17:11 "GET /archive/print_image_optimizer.js?v=20260811.3 HTTP/1.1" 304 -
28/Sep/2026 22:17:11 "GET /archive/concept_map.js HTTP/1.1" 304 -
28/Sep/2026 22:17:11 "GET /archive/question-meta.js?v=archive-metadata-v1-phase1b-20260826b HTTP/1.1" 304 -
28/Sep/2026 22:17:11 "GET /archive/print-contract.js?v=20260906.2 HTTP/1.1" 304 -
28/Sep/2026 22:17:11 "GET /archive/equal-slot-engine.css?v=20260915.1 HTTP/1.1" 304 -
28/Sep/2026 22:17:11 "GET /archive/css/js-archive-theme-override.css HTTP/1.1" 304 -
28/Sep/2026 22:17:11 "GET /archive/render-authority.js?v=20260906.5 HTTP/1.1" 304 -
28/Sep/2026 22:17:11 "GET /archive/archive2-preview-mobile.css?v=20260923.1 HTTP/1.1" 304 -
28/Sep/2026 22:17:11 "GET /archive/layout-materializer.js?v=20260914.1 HTTP/1.1" 304 -
28/Sep/2026 22:17:11 "GET /archive/solution-render-executor.js?v=20260924.2 HTTP/1.1" 304 -
28/Sep/2026 22:17:11 "GET /archive/answer-render-executor.js?v=20260907.1 HTTP/1.1" 304 -
28/Sep/2026 22:17:11 "GET /archive/layout-authority.js?v=20260924.1 HTTP/1.1" 304 -
28/Sep/2026 22:17:11 "GET /archive/equal-slot-engine.js?v=20260915.1 HTTP/1.1" 304 -
28/Sep/2026 22:17:11 "GET /archive/exam-render-executor.js?v=20260915.1 HTTP/1.1" 304 -
28/Sep/2026 22:17:11 "GET /archive/render-state-normalizer.js?v=20260911.5 HTTP/1.1" 304 -
28/Sep/2026 22:17:11 "GET /archive/side-effect-ledger.js?v=20260911.5 HTTP/1.1" 304 -
28/Sep/2026 22:17:11 "GET /archive/snapshot-contract.js?v=20260923.1 HTTP/1.1" 304 -
28/Sep/2026 22:17:11 "GET /archive/screen-runtime.js?v=20260922.2 HTTP/1.1" 304 -
28/Sep/2026 22:17:11 "GET /archive/review-preview-bridge.js?v=20260915.2 HTTP/1.1" 304 -
28/Sep/2026 22:17:11 "GET /archive/screen-runtime-adapter.js?v=20260922.2 HTTP/1.1" 304 -
28/Sep/2026 22:17:11 "GET /archive/question-image-readiness.js?v=20260915.2 HTTP/1.1" 304 -
28/Sep/2026 22:17:11 "GET /archive/data/question_metadata.json HTTP/1.1" 200 -

28/Sep/2026 22:17:11 "GET /archive/vendor/mathjax-tex-font/tex-mml-chtml-mathjax-tex.js HTTP/1.1" 304 -
28/Sep/2026 22:17:11 "GET /archive/vendor/mathjax/input/tex/extensions/boldsymbol.js HTTP/1.1" 304 -
28/Sep/2026 22:17:12 "GET /archive/exams/visang_shape_movement_review.js HTTP/1.1" 304 -
28/Sep/2026 22:17:12 "GET /archive/assets/images/%EB%B9%84%EC%83%81_%EA%B3%B5%ED%86%B5%EC%88%98%ED%95%992_%EB%8F%84%ED%98%95%EC%9D%98%EC%9D%B4%EB%8F%99_%EC%A4%91%EB%8B%A8%EC%9B%90%ED%95%99%EC%8A%B5%EC%A0%90%EA%B2%80_%EA%B3%A01/q08.png?v=20260903.1 HTTP/1.1" 304 -
28/Sep/2026 22:17:12 "GET /archive/vendor/mathjax-tex-font/chtml/woff2/mjx-tex-zero.woff2 HTTP/1.1" 304 -
28/Sep/2026 22:17:12 "GET /archive/vendor/mathjax-tex-font/chtml/woff2/mjx-tex-brk.woff2 HTTP/1.1" 304 -
28/Sep/2026 22:17:12 "GET /archive/vendor/mathjax-tex-font/chtml/woff2/mjx-tex-n.woff2 HTTP/1.1" 304 -
28/Sep/2026 22:17:12 "GET /archive/vendor/mathjax/sre/speech-worker.js HTTP/1.1" 304 -
28/Sep/2026 22:17:12 "GET /archive/vendor/mathjax/sre/mathmaps/base.json HTTP/1.1" 304 -
28/Sep/2026 22:17:12 "GET /archive/vendor/mathjax/sre/mathmaps/en.json HTTP/1.1" 304 -
28/Sep/2026 22:17:12 "GET /archive/vendor/mathjax/sre/mathmaps/nemeth.json HTTP/1.1" 304 -
28/Sep/2026 22:17:25 "GET /archive/engine.html?data=exams%2Fvisang_shape_movement_review.js&mode=sol HTTP/1.1" 304 -
28/Sep/2026 22:17:25 "GET /archive/data/question_metadata.json HTTP/1.1" 200 -
28/Sep/2026 22:17:26 "GET /archive/exams/visang_shape_movement_review.js HTTP/1.1" 304 -
28/Sep/2026 22:17:26 "GET /archive/vendor/mathjax-tex-font/chtml/woff2/mjx-tex-so.woff2 HTTP/1.1" 304 -
28/Sep/2026 22:17:27 "GET /archive/vendor/mathjax-tex-font/chtml/woff2/mjx-tex-s3.woff2 HTTP/1.1" 304 -
28/Sep/2026 22:17:39 "GET /archive/engine.html?data=exams%2Fvisang_shape_movement_review.js&mode=ans HTTP/1.1" 304 -
28/Sep/2026 22:17:39 "GET /archive/data/question_metadata.json HTTP/1.1" 200 -
28/Sep/2026 22:17:39 "GET /archive/exams/visang_shape_movement_review.js HTTP/1.1" 304 -
28/Sep/2026 22:22:03 "GET /archive/engine.html?data=exams%2Fvisang_shape_movement_review.js&mode=exam HTTP/1.1" 304 -\n28/Sep/2026 22:22:03 "GET /archive/archive2-review.css HTTP/1.1" 304 -\n28/Sep/2026 22:22:03 "GET /archive/archive2-review.js HTTP/1.1" 304 -\n28/Sep/2026 22:22:03 "GET /archive/vendor/html2canvas/html2canvas.min.js?v=1.4.1 HTTP/1.1" 304 -\n28/Sep/2026 22:22:03 "GET /archive/native_print.js?v=20260915.2 HTTP/1.1" 304 -\n28/Sep/2026 22:22:03 "GET /archive/print_image_optimizer.js?v=20260811.3 HTTP/1.1" 304 -\n28/Sep/2026 22:22:03 "GET /archive/mathjax_render_loop.js?v=20260911.5 HTTP/1.1" 304 -\n28/Sep/2026 22:22:03 "GET /archive/equal-slot-engine.css?v=20260915.1 HTTP/1.1" 304 -\n28/Sep/2026 22:22:03 "GET /archive/css/js-archive-theme-override.css HTTP/1.1" 304 -\n28/Sep/2026 22:22:03 "GET /archive/archive2-preview-mobile.css?v=20260923.1 HTTP/1.1" 304 -\n28/Sep/2026 22:22:03 "GET /archive/concept_map.js HTTP/1.1" 304 -\n28/Sep/2026 22:22:03 "GET /archive/question-meta.js?v=archive-metadata-v1-phase1b-20260826b HTTP/1.1" 304 -\n28/Sep/2026 22:22:03 "GET /archive/render-authority.js?v=20260906.5 HTTP/1.1" 304 -\n28/Sep/2026 22:22:03 "GET /archive/layout-authority.js?v=20260924.1 HTTP/1.1" 304 -\n28/Sep/2026 22:22:03 "GET /archive/print-contract.js?v=20260906.2 HTTP/1.1" 304 -\n28/Sep/2026 22:22:03 "GET /archive/layout-materializer.js?v=20260914.1 HTTP/1.1" 304 -\n28/Sep/2026 22:22:03 "GET /archive/solution-render-executor.js?v=20260924.2 HTTP/1.1" 304 -\n28/Sep/2026 22:22:03 "GET /archive/answer-render-executor.js?v=20260907.1 HTTP/1.1" 304 -\n28/Sep/2026 22:22:03 "GET /archive/equal-slot-engine.js?v=20260915.1 HTTP/1.1" 304 -\n28/Sep/2026 22:22:03 "GET /archive/exam-render-executor.js?v=20260915.1 HTTP/1.1" 304 -\n28/Sep/2026 22:22:03 "GET /archive/side-effect-ledger.js?v=20260911.5 HTTP/1.1" 304 -\n28/Sep/2026 22:22:03 "GET /archive/render-state-normalizer.js?v=20260911.5 HTTP/1.1" 304 -\n28/Sep/2026 22:22:03 "GET /archive/screen-runtime.js?v=20260922.2 HTTP/1.1" 304 -\n28/Sep/2026 22:22:03 "GET /archive/snapshot-contract.js?v=20260923.1 HTTP/1.1" 304 -\n28/Sep/2026 22:22:03 "GET /archive/question-image-readiness.js?v=20260915.2 HTTP/1.1" 304 -\n28/Sep/2026 22:22:03 "GET /archive/review-preview-bridge.js?v=20260915.2 HTTP/1.1" 304 -\n28/Sep/2026 22:22:03 "GET /archive/print-runtime.js?v=20260906.2 HTTP/1.1" 304 -\n28/Sep/2026 22:22:03 "GET /archive/screen-runtime-adapter.js?v=20260922.2 HTTP/1.1" 304 -\n28/Sep/2026 22:22:03 "GET /archive/data/question_metadata.json HTTP/1.1" 200 -\n28/Sep/2026 22:22:03 "GET /archive/vendor/mathjax-tex-font/tex-mml-chtml-mathjax-tex.js HTTP/1.1" 304 -\n28/Sep/2026 22:22:03 "GET /archive/vendor/mathjax/input/tex/extensions/boldsymbol.js HTTP/1.1" 304 -\n28/Sep/2026 22:22:03 "GET /archive/exams/visang_shape_movement_review.js HTTP/1.1" 200 -\n28/Sep/2026 22:22:03 "GET /archive/assets/images/%EB%B9%84%EC%83%81_%EA%B3%B5%ED%86%B5%EC%88%98%ED%95%992_%EB%8F%84%ED%98%95%EC%9D%98%EC%9D%B4%EB%8F%99_%EC%A4%91%EB%8B%A8%EC%9B%90%ED%95%99%EC%8A%B5%EC%A0%90%EA%B2%80_%EA%B3%A01/q08.png?v=20260903.1 HTTP/1.1" 304 -\n28/Sep/2026 22:22:03 "GET /archive/vendor/mathjax-tex-font/chtml/woff2/mjx-tex-zero.woff2 HTTP/1.1" 304 -\n28/Sep/2026 22:22:03 "GET /archive/vendor/mathjax-tex-font/chtml/woff2/mjx-tex-brk.woff2 HTTP/1.1" 304 -\n28/Sep/2026 22:22:03 "GET /archive/vendor/mathjax-tex-font/chtml/woff2/mjx-tex-n.woff2 HTTP/1.1" 304 -\n28/Sep/2026 22:22:03 "GET /archive/vendor/mathjax/sre/speech-worker.js HTTP/1.1" 304 -\n28/Sep/2026 22:22:04 "GET /archive/vendor/mathjax/sre/mathmaps/base.json HTTP/1.1" 304 -\n28/Sep/2026 22:22:04 "GET /archive/vendor/mathjax/sre/mathmaps/en.json HTTP/1.1" 304 -\n28/Sep/2026 22:22:04 "GET /archive/vendor/mathjax/sre/mathmaps/nemeth.json HTTP/1.1" 304 -\n28/Sep/2026 22:22:14 "GET /archive/engine.html?data=exams%2Fvisang_shape_movement_review.js&mode=sol HTTP/1.1" 304 -\n28/Sep/2026 22:22:14 "GET /archive/data/question_metadata.json HTTP/1.1" 200 -\n28/Sep/2026 22:22:15 "GET /archive/exams/visang_shape_movement_review.js HTTP/1.1" 304 -\n28/Sep/2026 22:22:15 "GET /archive/vendor/mathjax-tex-font/chtml/woff2/mjx-tex-so.woff2 HTTP/1.1" 304 -\n28/Sep/2026 22:22:15 "GET /archive/vendor/mathjax-tex-font/chtml/woff2/mjx-tex-s3.woff2 HTTP/1.1" 304 -\n28/Sep/2026 22:22:34 "GET /archive/engine.html?data=exams%2Fvisang_shape_movement_review.js&mode=ans HTTP/1.1" 304 -\n28/Sep/2026 22:22:34 "GET /archive/data/question_metadata.json HTTP/1.1" 200 -\n28/Sep/2026 22:22:34 "GET /archive/exams/visang_shape_movement_review.js HTTP/1.1" 304 -\n