$ node --test archive/tools/geometry-equation/tests/p1-boundaries.test.mjs archive/tools/geometry-equation/tests/production-runner.test.mjs archive/tools/geometry-equation/tests/production-contract.test.mjs archive/tools/geometry-equation/tests/worker-error-recovery.test.mjs archive/tools/geometry-equation/tests/repair-budget-replay.test.mjs archive/tools/geometry-equation/tests/display-envelope.test.mjs archive/tools/geometry-equation/tests/record-visual-browser-evidence.test.mjs
exit=0
✔ requested profile font composition targets the measured CSS floor and refuses unsafe scale (1.467ms)
✔ logic: preflight remains provisional and independently selects the smallest passing profile (102.343ms)
✔ logic: full-only success does not qualify medium or silently change to full (87.2333ms)
✔ logic: all profile floors below threshold remain unsupported (80.5379ms)
✔ logic: final candidate inventory and graph/topology/stroke gates fail closed (81.4388ms)
✔ logic: graph and topology worker records bind the same candidate SVG and display scale (158.8663ms)
✔ logic: stroke measurements bind the final candidate and profile (74.4505ms)
✔ logic: provisional evidence rejects synthetic or non-Playwright Archive measurements (0.314ms)
✔ logic: archive-engine policy hash and candidate SVG intrinsic/viewBox match the plan (108.3045ms)
✔ logic: the measured solution-meta content box is bound as the CSS scaling denominator (57.6665ms)
✔ logic: final support rereads and verifies the actual Archive preflight refs (112.8493ms)
✔ logic: every expected label requires a finite final viewport CSS font metric (286.9161ms)
✔ logic: candidate SHA, source, solution and policy identity mutations cannot support a profile (413.6334ms)
✔ logic: synthetic and wrong-runtime final audits cannot pass even with good numeric metrics (147.7076ms)
✔ logic: raw measurement and screenshot refs are mandatory, unique, hash-bound PNG evidence (289.9914ms)
✔ logic: final actual Archive comparison reads bound runtime, lineage and raw capture assets (118.4409ms)
✔ logic: actual loaded image rect, container width, size class and computed policy match selected profile (110.4925ms)
✔ SOLUTION: source-only freeze physically precedes disclosure; legacy and tampered decisions rejected (13.5787ms)
✔ CONDITIONS: source-only freeze physically precedes disclosure; legacy and tampered decisions rejected (10.3555ms)
✔ replay reuses only current review authority and requires a valid fresh replacement (62.382ms)
✔ changed proposed visual plan invalidates the source-condition replay binding (21.3573ms)
✔ observer and provider closure mutations invalidate source-condition replay authority (68.6266ms)
✔ no comparison call after blind failure, leak, absent image or non-durable freeze (3.671ms)
✔ verification key changes for source, answer, solution or verifier/provider closure (11.0666ms)
✔ actual UID CLI and direct phase2 cannot manufacture ACTIVE authority from locator (242.4904ms)
✔ canonical/current authority resolves opaque UID without filename search and rejects retired/stale mappings (13.8146ms)
✔ Cindy refuses unsafe integer/rational and a manufactured double delta-zero PASS (0.8261ms)
✔ Node authority normalizes 1/1.0, -0, NFC; Python binds identical raw blob (133.6216ms)
✔ unsafe numbers and executable/untyped exact scalars rejected (0.6692ms)
✔ raw SHA, object SHA, legacy SHA retain distinct meanings (6.3906ms)
✔ canonical UID maps stable role to asset independent of revision (0.6535ms)
✔ immutable commit, corruption, partial staging, concurrent writer fail closed (55.1521ms)
✔ separate processes cannot publish competing bytes for one immutable stage key (124.0176ms)
✔ temporary workspace required and traversal rejected (0.3362ms)
✔ each real UID attempt binds a unique temporary run and exam workspace (0.3373ms)
✔ temporary workspace junction into another root rejected (4.4797ms)
✔ calculation cache reuses bytes with new provenance, never review authority (30.3536ms)
✔ crashed stage output is invisible to cache and same-key recovery recomputes a complete receipt (43.9221ms)
✔ scope fingerprint includes observer code, excludes unrelated docs (6.2889ms)
✔ timeout terminates worker; next request uses a fresh subprocess (219.3102ms)
✔ timed out calculation stage stays uncached until same-key recovery commits complete bytes (259.7299ms)
✔ production build worker rejects approximate fallback when browser measurements are absent (158.844ms)
✔ concurrent async runs keep generated output in their own Archive temp workspaces (48.2572ms)
✔ one controller rejects fourth repair and repeated input/action/output (0.5323ms)
✔ repair ledger hydration carries the same three-attempt budget across replay (0.3203ms)
✔ frozen plan -> Node/Python -> Cindy -> immutable result; warm math and fresh audit (845.3602ms)
✔ polynomial runner uses a separately launched observer and never marks source review PASS (890.0607ms)
✔ unknown plan fields, source mismatch, wrong capability and production mode rejected (84.9293ms)
✔ UID authority mapping and actual source resolve, solution text is not verified (11.0853ms)
✔ real UID locator leaves immutable INPUT_REQUIRED rather than fabricated authority (30.7544ms)
✔ Archive asset matching decodes Korean URL paths before comparing canonical paths (1.0652ms)
✔ an exact completed repair is replayed without spending another shared-budget entry (2.4891ms)
✔ an interrupted exact repair completes its existing entry and changed inputs spend a distinct entry (0.7835ms)
✔ worker output-limit and nonzero-exit stages stay uncached until same-key recovery (490.3409ms)
ℹ tests 54
ℹ suites 0
ℹ pass 54
ℹ fail 0
ℹ cancelled 0
ℹ skipped 0
ℹ todo 0
ℹ duration_ms 2341.2367
