✔ logic: preflight remains provisional and independently selects the smallest passing profile (92.6632ms)
✔ logic: full-only success does not qualify medium or silently change to full (80.7217ms)
✔ logic: all profile floors below threshold remain unsupported (76.014ms)
✔ logic: final candidate inventory and graph/topology/stroke gates fail closed (77.1265ms)
✔ logic: graph and topology worker records bind the same candidate SVG and display scale (156.5087ms)
✔ logic: stroke measurements bind the final candidate and profile (67.42ms)
✔ logic: provisional evidence rejects synthetic or non-Playwright Archive measurements (0.497ms)
✔ logic: archive-engine policy hash and candidate SVG intrinsic/viewBox match the plan (113.6255ms)
✔ logic: the measured solution-meta content box is bound as the CSS scaling denominator (61.8536ms)
✔ logic: final support rereads and verifies the actual Archive preflight refs (119.4935ms)
✔ logic: every expected label requires a finite final viewport CSS font metric (278.9618ms)
✔ logic: candidate SHA, source, solution and policy identity mutations cannot support a profile (410.8586ms)
✔ logic: synthetic and wrong-runtime final audits cannot pass even with good numeric metrics (138.7617ms)
✔ logic: raw measurement and screenshot refs are mandatory, unique, hash-bound PNG evidence (285.4073ms)
✔ logic: final actual Archive comparison reads bound runtime, lineage and raw capture assets (120.0716ms)
✔ logic: actual loaded image rect, container width, size class and computed policy match selected profile (108.4992ms)
✔ SOLUTION: source-only freeze physically precedes disclosure; legacy and tampered decisions rejected (12.9069ms)
✔ CONDITIONS: source-only freeze physically precedes disclosure; legacy and tampered decisions rejected (9.8269ms)
✔ replay reuses only current review authority and requires a valid fresh replacement (55.7495ms)
✔ changed proposed visual plan invalidates the source-condition replay binding (18.6496ms)
✔ no comparison call after blind failure, leak, absent image or non-durable freeze (3.3662ms)
✔ verification key changes for source, answer, solution or verifier/provider closure (10.5887ms)
✔ actual UID CLI and direct phase2 cannot manufacture ACTIVE authority from locator (240.3962ms)
✔ canonical/current authority resolves opaque UID without filename search and rejects retired/stale mappings (13.6719ms)
✔ Cindy refuses unsafe integer/rational and a manufactured double delta-zero PASS (0.6767ms)
✔ Node authority normalizes 1/1.0, -0, NFC; Python binds identical raw blob (114.6078ms)
✔ unsafe numbers and executable/untyped exact scalars rejected (0.6962ms)
✔ raw SHA, object SHA, legacy SHA retain distinct meanings (5.2839ms)
✔ canonical UID maps stable role to asset independent of revision (0.5602ms)
✔ immutable commit, corruption, partial staging, concurrent writer fail closed (50.6676ms)
✔ separate processes cannot publish competing bytes for one immutable stage key (120.7809ms)
✔ temporary workspace required and traversal rejected (0.3124ms)
✔ each real UID attempt binds a unique temporary run and exam workspace (0.2981ms)
✔ temporary workspace junction into another root rejected (3.2681ms)
✔ calculation cache reuses bytes with new provenance, never review authority (28.9038ms)
✔ crashed stage output is invisible to cache and same-key recovery recomputes a complete receipt (44.5792ms)
✔ scope fingerprint includes observer code, excludes unrelated docs (6.0821ms)
✔ timeout terminates worker; next request uses a fresh subprocess (226.6859ms)
✔ production build worker rejects approximate fallback when browser measurements are absent (158.9767ms)
✔ concurrent async runs keep generated output in their own Archive temp workspaces (42.7136ms)
✔ one controller rejects fourth repair and repeated input/action/output (0.5673ms)
✔ repair ledger hydration carries the same three-attempt budget across replay (0.3496ms)
✔ frozen plan -> Node/Python -> Cindy -> immutable result; warm math and fresh audit (828.7611ms)
✔ polynomial runner uses a separately launched observer and never marks source review PASS (872.6584ms)
✔ unknown plan fields, source mismatch, wrong capability and production mode rejected (82.82ms)
✔ UID authority mapping and actual source resolve, solution text is not verified (10.477ms)
✔ real UID locator leaves immutable INPUT_REQUIRED rather than fabricated authority (29.9726ms)
✔ Archive asset matching decodes Korean URL paths before comparing canonical paths (0.6069ms)
ℹ tests 48
ℹ suites 0
ℹ pass 48
ℹ fail 0
ℹ cancelled 0
ℹ skipped 0
ℹ todo 0
ℹ duration_ms 2299.0651
