============================================================
 Archive 등록 자동 동기화: DB → UID → META HOLD → INDEX → CATALOG
============================================================
✅ db.js 생성 완료: 총 509개 파일 등록
✅ DB 변경 요약: 이전 490개 → 현재 509개 (추가 19 / 삭제 0 / 메타 변경 0)
✅ 기존 메타데이터 보존: 490개; 신규 inventory 등록: 19개
➕ 새로 추가됨(19개):
  - original/high/h1/1final/22_강남여고_1학기_기말_고1_기출.js
  - original/high/h1/1mid/24_매산여고_1학기_중간_고1_기출.js
  - original/high/h2/2final/19_금당고_2학기_기말_고2_수학II.js
  - original/high/h2/2final/19_복성고_2학기_기말_고2_수학II.js
  - original/high/h2/2final/19_순천여고_2학기_기말_고2_수학II.js
  - original/high/h2/2final/2019_매산고_2학기_기말_고2_확률과통계.js
  - original/high/h2/2final/20_매산고_2학기_기말_고2_수학II.js
  - original/middle/m2/2final/19_동산중_2학기_기말_중2_기출.js
  - original/middle/m2/2final/19_신흥중_2학기_기말_중2_기출.js
  - original/middle/m2/2final/19_연향중_2학기_기말_중2_기출.js
  - original/middle/m2/2final/19_풍덕중_2학기_기말_중2_기출.js
  - original/middle/m2/2final/20_금당중_2학기_기말_중2_기출.js
  - original/middle/m2/2final/20_신흥중_2학기_기말_중2_기출.js
  - original/middle/m2/2final/20_왕의중_2학기_기말_중2_기출.js
  - original/middle/m2/2final/20_팔마중_2학기_기말_중2_기출.js
  - original/middle/m2/2final/20_풍덕중_2학기_기말_중2_기출.js
  - original/middle/m2/2final/20_향림중_2학기_기말_중2_기출.js
  - original/middle/m3/2final/19_이수중_2학기_기말_중3_기출.js
  - original/middle/m3/2final/20_연향중_2학기_기말_중3_기출.js
✅ archive 기준 위치: C:\Users\USER\Desktop\AP-worktrees\h1-final-pdf-pilot-20261007\AP------\archive
✅ exams 기준 위치: C:\Users\USER\Desktop\AP-worktrees\h1-final-pdf-pilot-20261007\AP------\archive\exams
✅ db.js 출력 위치: C:\Users\USER\Desktop\AP-worktrees\h1-final-pdf-pilot-20261007\AP------\archive\db.js
✅ 출력 구조: window.mainDB.exams
✅ file 경로: exams/ 제외, exams 내부 상대경로
✅ 하위 폴더 스캔: original / similar / types 포함
✅ 유형 폴더 학년 구분 대응: types/high/h1~h3, types/middle/m1~m3
✅ 금지 구조 검사 통과: "시험", "연도", "학교", 2026년 패턴, file: exams/ 없음

▶ 문항 UID 증분 동기화
  $ node C:\Users\USER\Desktop\AP-worktrees\h1-final-pdf-pilot-20261007\AP------\archive\tools\intelligence\sync-question-identity-map-v1.mjs
{
  "status": "UPDATED",
  "records": 12181,
  "newFiles": 19,
  "newRecords": 434,
  "newSourceFiles": [
    "original/high/h1/1final/22_강남여고_1학기_기말_고1_기출.js",
    "original/high/h1/1mid/24_매산여고_1학기_중간_고1_기출.js",
    "original/high/h2/2final/19_금당고_2학기_기말_고2_수학II.js",
    "original/high/h2/2final/19_복성고_2학기_기말_고2_수학II.js",
    "original/high/h2/2final/19_순천여고_2학기_기말_고2_수학II.js",
    "original/high/h2/2final/20_매산고_2학기_기말_고2_수학II.js",
    "original/high/h2/2final/2019_매산고_2학기_기말_고2_확률과통계.js",
    "original/middle/m2/2final/19_동산중_2학기_기말_중2_기출.js",
    "original/middle/m2/2final/19_신흥중_2학기_기말_중2_기출.js",
    "original/middle/m2/2final/19_연향중_2학기_기말_중2_기출.js",
    "original/middle/m2/2final/19_풍덕중_2학기_기말_중2_기출.js",
    "original/middle/m2/2final/20_금당중_2학기_기말_중2_기출.js",
    "original/middle/m2/2final/20_신흥중_2학기_기말_중2_기출.js",
    "original/middle/m2/2final/20_왕의중_2학기_기말_중2_기출.js",
    "original/middle/m2/2final/20_팔마중_2학기_기말_중2_기출.js",
    "original/middle/m2/2final/20_풍덕중_2학기_기말_중2_기출.js",
    "original/middle/m2/2final/20_향림중_2학기_기말_중2_기출.js",
    "original/middle/m3/2final/19_이수중_2학기_기말_중3_기출.js",
    "original/middle/m3/2final/20_연향중_2학기_기말_중3_기출.js"
  ],
  "renamedFiles": [],
  "renamedRecords": 0,
  "identityDigest": "b3a840d366321596457029520b96977d6d1b2bbdbd28633c5c4d0733e2a5b791"
}
✅ 문항 UID 증분 동기화

▶ 신규 문항 metadata HOLD 동기화
  $ node C:\Users\USER\Desktop\AP-worktrees\h1-final-pdf-pilot-20261007\AP------\archive\tools\intelligence\sync-pending-question-metadata-v1.mjs
{
  "status": "UPDATED",
  "total": 12181,
  "added": 434,
  "addedFiles": [
    "original/high/h1/1final/22_강남여고_1학기_기말_고1_기출.js",
    "original/high/h1/1mid/24_매산여고_1학기_중간_고1_기출.js",
    "original/high/h2/2final/19_금당고_2학기_기말_고2_수학II.js",
    "original/high/h2/2final/19_복성고_2학기_기말_고2_수학II.js",
    "original/high/h2/2final/19_순천여고_2학기_기말_고2_수학II.js",
    "original/high/h2/2final/20_매산고_2학기_기말_고2_수학II.js",
    "original/high/h2/2final/2019_매산고_2학기_기말_고2_확률과통계.js",
    "original/middle/m2/2final/19_동산중_2학기_기말_중2_기출.js",
    "original/middle/m2/2final/19_신흥중_2학기_기말_중2_기출.js",
    "original/middle/m2/2final/19_연향중_2학기_기말_중2_기출.js",
    "original/middle/m2/2final/19_풍덕중_2학기_기말_중2_기출.js",
    "original/middle/m2/2final/20_금당중_2학기_기말_중2_기출.js",
    "original/middle/m2/2final/20_신흥중_2학기_기말_중2_기출.js",
    "original/middle/m2/2final/20_왕의중_2학기_기말_중2_기출.js",
    "original/middle/m2/2final/20_팔마중_2학기_기말_중2_기출.js",
    "original/middle/m2/2final/20_풍덕중_2학기_기말_중2_기출.js",
    "original/middle/m2/2final/20_향림중_2학기_기말_중2_기출.js",
    "original/middle/m3/2final/19_이수중_2학기_기말_중3_기출.js",
    "original/middle/m3/2final/20_연향중_2학기_기말_중3_기출.js"
  ],
  "relocated": 0,
  "relocatedFiles": [],
  "digest": "babe77c970237884030f0e2fcf0f7c6e576ad08bd27c893368e5346b94cf9d0f"
}
✅ 신규 문항 metadata HOLD 동기화

▶ 문항 UID runtime 갱신
  $ node C:\Users\USER\Desktop\AP-worktrees\h1-final-pdf-pilot-20261007\AP------\archive\tools\intelligence\build-question-identity-runtime.mjs
{
  "output": "archive/question-identity.js",
  "identityDigest": "b3a840d366321596457029520b96977d6d1b2bbdbd28633c5c4d0733e2a5b791",
  "runtimeDigest": "341bcaa673e1c46a6a8cd5de97a68b0a89c20f901668b329bcbcc87018dd1a66",
  "fileCount": 510,
  "questionCount": 12181,
  "bytes": 3105683
}
✅ 문항 UID runtime 갱신

▶ Question index 갱신
  $ node C:\Users\USER\Desktop\AP-worktrees\h1-final-pdf-pilot-20261007\AP------\archive\tools\build-question-index.mjs
scope: git-tracked + db-listed production (parity-gated); exam files: 509
question-index generated: 12173 questions (source 12173), 12971439 bytes
duplicate_skipped: 0 records in 0 groups; final duplicate qKey: 0
key class: official=12079 raw=0 invalid=94 empty=0 (invalid distinct=21)
visual: image=2625 img=26 svg=77 table=181 total=2902
✅ Question index 갱신

▶ Meta Foundation runtime source rename 동기화
  $ node C:\Users\USER\Desktop\AP-worktrees\h1-final-pdf-pilot-20261007\AP------\archive\tools\meta-foundation\sync-runtime-source-path-renames.mjs
{
  "status": "NO_CHANGE",
  "renameEvidenceCount": 2,
  "updatedRecords": 0,
  "updatedRuntimeFiles": []
}
✅ Meta Foundation runtime source rename 동기화

▶ Archive 2.0 intermediate catalog/manifest 갱신
  $ node C:\Users\USER\Desktop\AP-worktrees\h1-final-pdf-pilot-20261007\AP------\archive\tools\build-archive2-catalog.mjs
{
  "indexVersion": "cf85ce69f67c3d75ff523080af8683c807fe8edb5508aa5b42598a39859baf66",
  "projectionVersion": "archive2-canonical-v1:9bfffd29f965e019b496ba7ab75d9550408ece731753f5b1d8e18c155d3f2864",
  "taxonomy": 9422,
  "course_namespace_invalid": 9422,
  "assignment_missing": 9422,
  "canonical_parent_missing": 9422,
  "automatic": 1045,
  "source_release": 4091,
  "review": 446,
  "semantic": 132,
  "source_issue": 27,
  "conflict": 84,
  "applicability": 28,
  "SOURCE_GRADE_UNRESOLVED": 174,
  "exams": 509,
  "questions": 12173,
  "metadataRecords": 12181
}
✅ Archive 2.0 intermediate catalog/manifest 갱신

▶ 기본 L1/L2 부모 연결 갱신
  $ node C:\Users\USER\Desktop\AP-worktrees\h1-final-pdf-pilot-20261007\AP------\archive\tools\build-basic-scope-parent-links.mjs
333 parent references and 2751 source parent links from 11 references
✅ 기본 L1/L2 부모 연결 갱신

▶ Archive 2.0 final catalog/manifest 갱신
  $ node C:\Users\USER\Desktop\AP-worktrees\h1-final-pdf-pilot-20261007\AP------\archive\tools\build-archive2-catalog.mjs
{
  "indexVersion": "cf85ce69f67c3d75ff523080af8683c807fe8edb5508aa5b42598a39859baf66",
  "projectionVersion": "archive2-canonical-v1:218f15fe11836361ed1841fcfd3a553c9728bb619917f7f417f5e80dd6f6d0a3",
  "taxonomy": 9422,
  "course_namespace_invalid": 9422,
  "assignment_missing": 9422,
  "canonical_parent_missing": 9422,
  "automatic": 1045,
  "source_release": 4091,
  "review": 446,
  "semantic": 132,
  "source_issue": 27,
  "conflict": 84,
  "applicability": 28,
  "SOURCE_GRADE_UNRESOLVED": 174,
  "exams": 509,
  "questions": 12173,
  "metadataRecords": 12181
}
✅ Archive 2.0 final catalog/manifest 갱신

▶ 기본 L1/L2 부모 연결 안정성 검증
  $ node C:\Users\USER\Desktop\AP-worktrees\h1-final-pdf-pilot-20261007\AP------\archive\tools\build-basic-scope-parent-links.mjs --check
333 parent references and 2751 source parent links from 11 references
✅ 기본 L1/L2 부모 연결 안정성 검증

▶ Archive 2.0 crosswalk inventory 갱신
  $ node C:\Users\USER\Desktop\AP-worktrees\h1-final-pdf-pilot-20261007\AP------\archive\tools\build-archive2-crosswalk-inventory.mjs
{"total":83,"reviewedExact":0,"sourceDigest":"e7b2b16fb4f6e42984419dc08fb2041beb4f5478540f39c60a38d8edd9a806f2"}
✅ Archive 2.0 crosswalk inventory 갱신

▶ Archive 등록 parity 검증
  $ node C:\Users\USER\Desktop\AP-worktrees\h1-final-pdf-pilot-20261007\AP------\archive\tools\verify-archive-registration.mjs
{
  "status": "PASS",
  "exams": 509,
  "questions": 12173,
  "identityRecords": 12181,
  "metadataRecords": 12181,
  "catalogRecords": 12173,
  "pendingSemantic": 1041
}
✅ Archive 등록 parity 검증

▶ Archive 2.0 catalog stale 검증
  $ node C:\Users\USER\Desktop\AP-worktrees\h1-final-pdf-pilot-20261007\AP------\archive\tools\build-archive2-catalog.mjs --check
{
  "indexVersion": "cf85ce69f67c3d75ff523080af8683c807fe8edb5508aa5b42598a39859baf66",
  "projectionVersion": "archive2-canonical-v1:218f15fe11836361ed1841fcfd3a553c9728bb619917f7f417f5e80dd6f6d0a3",
  "taxonomy": 9422,
  "course_namespace_invalid": 9422,
  "assignment_missing": 9422,
  "canonical_parent_missing": 9422,
  "automatic": 1045,
  "source_release": 4091,
  "review": 446,
  "semantic": 132,
  "source_issue": 27,
  "conflict": 84,
  "applicability": 28,
  "SOURCE_GRADE_UNRESOLVED": 174,
  "exams": 509,
  "questions": 12173,
  "metadataRecords": 12181
}
✅ Archive 2.0 catalog stale 검증

✅ ARCHIVE REGISTRATION SYNC PASS
   - 신규 시험지 DB/UID/Archive2 노출은 자동 동기화
   - 기존 Meta Foundation canonical은 자동 수정하지 않음
   - 신규 semantic L3/L4/difficulty는 review_required HOLD로 보존
EXIT_CODE=0
